Component: ARM Compiler 5.06 update 2 (build 183) Tool: armlink [4d35b7]

==============================================================================

Section Cross References

    startup_stm32f429xx.o(RESET) refers to startup_stm32f429xx.o(STACK) for __initial_sp
    startup_stm32f429xx.o(RESET) refers to startup_stm32f429xx.o(.text) for Reset_Handler
    startup_stm32f429xx.o(RESET) refers to stm32f4xx_it.o(i.NMI_Handler) for NMI_Handler
    startup_stm32f429xx.o(RESET) refers to stm32f4xx_it.o(i.HardFault_Handler) for HardFault_Handler
    startup_stm32f429xx.o(RESET) refers to stm32f4xx_it.o(i.MemManage_Handler) for MemManage_Handler
    startup_stm32f429xx.o(RESET) refers to stm32f4xx_it.o(i.BusFault_Handler) for BusFault_Handler
    startup_stm32f429xx.o(RESET) refers to stm32f4xx_it.o(i.UsageFault_Handler) for UsageFault_Handler
    startup_stm32f429xx.o(RESET) refers to stm32f4xx_it.o(i.SVC_Handler) for SVC_Handler
    startup_stm32f429xx.o(RESET) refers to stm32f4xx_it.o(i.DebugMon_Handler) for DebugMon_Handler
    startup_stm32f429xx.o(RESET) refers to stm32f4xx_it.o(i.PendSV_Handler) for PendSV_Handler
    startup_stm32f429xx.o(RESET) refers to stm32f4xx_it.o(i.SysTick_Handler) for SysTick_Handler
    startup_stm32f429xx.o(RESET) refers to stm32f4xx_it.o(i.UART5_IRQHandler) for UART5_IRQHandler
    startup_stm32f429xx.o(RESET) refers to stm32f4xx_it.o(i.OTG_HS_IRQHandler) for OTG_HS_IRQHandler
    startup_stm32f429xx.o(.text) refers to system_stm32f4xx.o(i.SystemInit) for SystemInit
    startup_stm32f429xx.o(.text) refers to entry.o(.ARM.Collect$$$$00000000) for __main
    main.o(i.Error_Handler) refers to stm32f4xx_hal_gpio.o(i.HAL_GPIO_TogglePin) for HAL_GPIO_TogglePin
    main.o(i.MX_UART5_IRQ_Init) refers to main.o(.bss) for .bss
    main.o(i.USBH_UserProcess) refers to ff.o(i.f_mount) for f_mount
    main.o(i.USBH_UserProcess) refers to main.o(.data) for .data
    main.o(i.main) refers to stm32f4xx_hal.o(i.HAL_Init) for HAL_Init
    main.o(i.main) refers to stm32f429i_discovery.o(i.BSP_LED_Init) for BSP_LED_Init
    main.o(i.main) refers to stm32f4xx_hal_rcc.o(i.HAL_RCC_OscConfig) for HAL_RCC_OscConfig
    main.o(i.main) refers to stm32f4xx_hal_rcc.o(i.HAL_RCC_ClockConfig) for HAL_RCC_ClockConfig
    main.o(i.main) refers to stm32f4xx_hal_gpio.o(i.HAL_GPIO_Init) for HAL_GPIO_Init
    main.o(i.main) refers to stm32f4xx_hal_uart.o(i.HAL_UART_Init) for HAL_UART_Init
    main.o(i.main) refers to ff_gen_drv.o(i.FATFS_LinkDriver) for FATFS_LinkDriver
    main.o(i.main) refers to usbh_core.o(i.USBH_Init) for USBH_Init
    main.o(i.main) refers to usbh_core.o(i.USBH_RegisterClass) for USBH_RegisterClass
    main.o(i.main) refers to usbh_core.o(i.USBH_Start) for USBH_Start
    main.o(i.main) refers to usbh_core.o(i.USBH_Process) for USBH_Process
    main.o(i.main) refers to ff.o(i.f_mount) for f_mount
    main.o(i.main) refers to main.o(i.Error_Handler) for Error_Handler
    main.o(i.main) refers to main.o(i.MX_UART5_IRQ_Init) for MX_UART5_IRQ_Init
    main.o(i.main) refers to main.o(.bss) for .bss
    main.o(i.main) refers to main.o(.data) for .data
    main.o(i.main) refers to usbh_diskio.o(.data) for USBH_Driver
    main.o(i.main) refers to main.o(i.USBH_UserProcess) for USBH_UserProcess
    main.o(i.main) refers to usbh_msc.o(.data) for USBH_msc
    stm32f4xx_it.o(i.OTG_HS_IRQHandler) refers to stm32f4xx_hal_hcd.o(i.HAL_HCD_IRQHandler) for HAL_HCD_IRQHandler
    stm32f4xx_it.o(i.OTG_HS_IRQHandler) refers to usbh_conf.o(.bss) for hhcd
    stm32f4xx_it.o(i.SysTick_Handler) refers to stm32f4xx_hal.o(i.HAL_IncTick) for HAL_IncTick
    stm32f4xx_it.o(i.UART5_IRQHandler) refers to memseta.o(.text) for __aeabi_memclr4
    stm32f4xx_it.o(i.UART5_IRQHandler) refers to stm32f4xx_hal_uart.o(i.HAL_UART_IRQHandler) for HAL_UART_IRQHandler
    stm32f4xx_it.o(i.UART5_IRQHandler) refers to stm32f4xx_hal_uart.o(i.HAL_UART_Receive_IT) for HAL_UART_Receive_IT
    stm32f4xx_it.o(i.UART5_IRQHandler) refers to stm32f4xx_it.o(i.open_n_log) for open_n_log
    stm32f4xx_it.o(i.UART5_IRQHandler) refers to main.o(.bss) for huart5
    stm32f4xx_it.o(i.UART5_IRQHandler) refers to main.o(.data) for status
    stm32f4xx_it.o(i.open_n_log) refers to ff.o(i.f_open) for f_open
    stm32f4xx_it.o(i.open_n_log) refers to main.o(i.Error_Handler) for Error_Handler
    stm32f4xx_it.o(i.open_n_log) refers to ff.o(i.f_lseek) for f_lseek
    stm32f4xx_it.o(i.open_n_log) refers to ff.o(i.f_close) for f_close
    stm32f4xx_it.o(i.open_n_log) refers to ff.o(i.f_printf) for f_printf
    stm32f4xx_it.o(i.open_n_log) refers to stm32f4xx_hal_gpio.o(i.HAL_GPIO_TogglePin) for HAL_GPIO_TogglePin
    stm32f4xx_it.o(i.open_n_log) refers to main.o(.bss) for log_file
    stm32f4xx_it.o(i.open_n_log) refers to main.o(.data) for i
    usbh_conf.o(i.HAL_HCD_Connect_Callback) refers to usbh_core.o(i.USBH_LL_Connect) for USBH_LL_Connect
    usbh_conf.o(i.HAL_HCD_Disconnect_Callback) refers to usbh_core.o(i.USBH_LL_Disconnect) for USBH_LL_Disconnect
[...]
    .ARM.Collect$$$$00000008                 0x080001b4   Section        0  entry7b.o(.ARM.Collect$$$$00000008)
    .ARM.Collect$$$$0000000A                 0x080001b4   Section        0  entry8b.o(.ARM.Collect$$$$0000000A)
    .ARM.Collect$$$$0000000B                 0x080001b4   Section        8  entry9a.o(.ARM.Collect$$$$0000000B)
    .ARM.Collect$$$$0000000D                 0x080001bc   Section        0  entry10a.o(.ARM.Collect$$$$0000000D)
    .ARM.Collect$$$$0000000F                 0x080001bc   Section        0  entry11a.o(.ARM.Collect$$$$0000000F)
    .ARM.Collect$$$$00002712                 0x080001bc   Section        4  entry2.o(.ARM.Collect$$$$00002712)
    __lit__00000000                          0x080001bc   Data           4  entry2.o(.ARM.Collect$$$$00002712)
    .text                                    0x080001c0   Section       36  startup_stm32f429xx.o(.text)
    $v0                                      0x080001c0   Number         0  startup_stm32f429xx.o(.text)
    .text                                    0x080001e4   Section        0  memcpya.o(.text)
    .text                                    0x08000208   Section        0  memseta.o(.text)
    .text                                    0x0800022c   Section       36  init.o(.text)
    i.BSP_LED_Init                           0x08000250   Section        0  stm32f429i_discovery.o(i.BSP_LED_Init)
    i.BusFault_Handler                       0x0800029c   Section        0  stm32f4xx_it.o(i.BusFault_Handler)
    i.DeInitStateMachine                     0x080002a0   Section        0  usbh_core.o(i.DeInitStateMachine)
    DeInitStateMachine                       0x080002a1   Thumb Code    70  usbh_core.o(i.DeInitStateMachine)
    i.DebugMon_Handler                       0x080002e6   Section        0  stm32f4xx_it.o(i.DebugMon_Handler)
    i.Error_Handler                          0x080002e8   Section        0  main.o(i.Error_Handler)
    i.FATFS_LinkDriver                       0x080002fc   Section        0  ff_gen_drv.o(i.FATFS_LinkDriver)
    i.HAL_Delay                              0x08000334   Section        0  stm32f4xx_hal.o(i.HAL_Delay)
    i.HAL_GPIO_Init                          0x0800034c   Section        0  stm32f4xx_hal_gpio.o(i.HAL_GPIO_Init)
    i.HAL_GPIO_TogglePin                     0x08000510   Section        0  stm32f4xx_hal_gpio.o(i.HAL_GPIO_TogglePin)
    i.HAL_GPIO_WritePin                      0x08000518   Section        0  stm32f4xx_hal_gpio.o(i.HAL_GPIO_WritePin)
    i.HAL_GetTick                            0x08000524   Section        0  stm32f4xx_hal.o(i.HAL_GetTick)
    i.HAL_HCD_Connect_Callback               0x08000530   Section        0  usbh_conf.o(i.HAL_HCD_Connect_Callback)
    i.HAL_HCD_Disconnect_Callback            0x08000538   Section        0  usbh_conf.o(i.HAL_HCD_Disconnect_Callback)
    i.HAL_HCD_GetCurrentFrame                0x08000540   Section        0  stm32f4xx_hal_hcd.o(i.HAL_HCD_GetCurrentFrame)
    i.HAL_HCD_GetCurrentSpeed                0x08000546   Section        0  stm32f4xx_hal_hcd.o(i.HAL_HCD_GetCurrentSpeed)
    i.HAL_HCD_HC_GetURBState                 0x0800054c   Section        0  stm32f4xx_hal_hcd.o(i.HAL_HCD_HC_GetURBState)
    i.HAL_HCD_HC_GetXferCount                0x0800055a   Section        0  stm32f4xx_hal_hcd.o(i.HAL_HCD_HC_GetXferCount)
    i.HAL_HCD_HC_Halt                        0x08000566   Section        0  stm32f4xx_hal_hcd.o(i.HAL_HCD_HC_Halt)
    i.HAL_HCD_HC_Init                        0x0800058a   Section        0  stm32f4xx_hal_hcd.o(i.HAL_HCD_HC_Init)
    i.HAL_HCD_HC_NotifyURBChange_Callback    0x080005de   Section        0  usbh_conf.o(i.HAL_HCD_HC_NotifyURBChange_Callback)
    i.HAL_HCD_HC_SubmitRequest               0x080005e0   Section        0  stm32f4xx_hal_hcd.o(i.HAL_HCD_HC_SubmitRequest)
    i.HAL_HCD_IRQHandler                     0x08000698   Section        0  stm32f4xx_hal_hcd.o(i.HAL_HCD_IRQHandler)
    i.HAL_HCD_Init                           0x080007c6   Section        0  stm32f4xx_hal_hcd.o(i.HAL_HCD_Init)
    i.HAL_HCD_MspInit                        0x08000820   Section        0  usbh_conf.o(i.HAL_HCD_MspInit)
    i.HAL_HCD_ResetPort                      0x080008b8   Section        0  stm32f4xx_hal_hcd.o(i.HAL_HCD_ResetPort)
    i.HAL_HCD_SOF_Callback                   0x080008be   Section        0  usbh_conf.o(i.HAL_HCD_SOF_Callback)
    i.HAL_HCD_Start                          0x080008c6   Section        0  stm32f4xx_hal_hcd.o(i.HAL_HCD_Start)
    i.HAL_HCD_Stop                           0x080008f2   Section        0  stm32f4xx_hal_hcd.o(i.HAL_HCD_Stop)
    i.HAL_IncTick                            0x08000918   Section        0  stm32f4xx_hal.o(i.HAL_IncTick)
    i.HAL_Init                               0x08000928   Section        0  stm32f4xx_hal.o(i.HAL_Init)
    i.HAL_InitTick                           0x0800095c   Section        0  stm32f4xx_hal.o(i.HAL_InitTick)
    i.HAL_MspInit                            0x0800097e   Section        0  stm32f4xx_hal_msp.o(i.HAL_MspInit)
    i.HAL_NVIC_EnableIRQ                     0x08000994   Section        0  stm32f4xx_hal_cortex.o(i.HAL_NVIC_EnableIRQ)
    i.HAL_NVIC_SetPriority                   0x080009ac   Section        0  stm32f4xx_hal_cortex.o(i.HAL_NVIC_SetPriority)
    i.HAL_NVIC_SetPriorityGrouping           0x080009ec   Section        0  stm32f4xx_hal_cortex.o(i.HAL_NVIC_SetPriorityGrouping)
    i.HAL_RCC_ClockConfig                    0x08000a10   Section        0  stm32f4xx_hal_rcc.o(i.HAL_RCC_ClockConfig)
    i.HAL_RCC_GetHCLKFreq                    0x08000bc8   Section        0  stm32f4xx_hal_rcc.o(i.HAL_RCC_GetHCLKFreq)
    i.HAL_RCC_GetPCLK1Freq                   0x08000bfc   Section        0  stm32f4xx_hal_rcc.o(i.HAL_RCC_GetPCLK1Freq)
    i.HAL_RCC_GetPCLK2Freq                   0x08000c28   Section        0  stm32f4xx_hal_rcc.o(i.HAL_RCC_GetPCLK2Freq)
    i.HAL_RCC_GetSysClockFreq                0x08000c54   Section        0  stm32f4xx_hal_rcc.o(i.HAL_RCC_GetSysClockFreq)
    i.HAL_RCC_OscConfig                      0x08000cd4   Section        0  stm32f4xx_hal_rcc.o(i.HAL_RCC_OscConfig)
    i.HAL_SYSTICK_Config                     0x0800100c   Section        0  stm32f4xx_hal_cortex.o(i.HAL_SYSTICK_Config)
    i.HAL_UART_ErrorCallback                 0x08001034   Section        0  stm32f4xx_hal_uart.o(i.HAL_UART_ErrorCallback)
    i.HAL_UART_IRQHandler                    0x08001036   Section        0  stm32f4xx_hal_uart.o(i.HAL_UART_IRQHandler)
    i.HAL_UART_Init                          0x08001100   Section        0  stm32f4xx_hal_uart.o(i.HAL_UART_Init)
    i.HAL_UART_MspInit                       0x0800115c   Section        0  stm32f4xx_hal_msp.o(i.HAL_UART_MspInit)
    i.HAL_UART_Receive_IT                    0x080011bc   Section        0  stm32f4xx_hal_uart.o(i.HAL_UART_Receive_IT)
    i.HAL_UART_RxCpltCallback                0x08001226   Section        0  stm32f4xx_hal_uart.o(i.HAL_UART_RxCpltCallback)
    i.HAL_UART_TxCpltCallback                0x08001228   Section        0  stm32f4xx_hal_uart.o(i.HAL_UART_TxCpltCallback)
    i.HCD_HC_IN_IRQHandler                   0x0800122a   Section        0  stm32f4xx_hal_hcd.o(i.HCD_HC_IN_IRQHandler)
    HCD_HC_IN_IRQHandler                     0x0800122b   Thumb Code   578  stm32f4xx_hal_hcd.o(i.HCD_HC_IN_IRQHandler)
    i.HCD_HC_OUT_IRQHandler                  0x0800146c   Section        0  stm32f4xx_hal_hcd.o(i.HCD_HC_OUT_IRQHandler)
    HCD_HC_OUT_IRQHandler                    0x0800146d   Thumb Code   564  stm32f4xx_hal_hcd.o(i.HCD_HC_OUT_IRQHandler)
    i.HCD_Port_IRQHandler                    0x080016a0   Section        0  stm32f4xx_hal_hcd.o(i.HCD_Port_IRQHandler)
    HCD_Port_IRQHandler                      0x080016a1   Thumb Code   176  stm32f4xx_hal_hcd.o(i.HCD_Port_IRQHandler)
    i.HCD_RXQLVL_IRQHandler                  0x08001750   Section        0  stm32f4xx_hal_hcd.o(i.HCD_RXQLVL_IRQHandler)
    HCD_RXQLVL_IRQHandler                    0x08001751   Thumb Code   116  stm32f4xx_hal_hcd.o(i.HCD_RXQLVL_IRQHandler)
    i.HardFault_Handler                      0x080017c8   Section        0  stm32f4xx_it.o(i.HardFault_Handler)
    i.MX_UART5_IRQ_Init                      0x080017cc   Section        0  main.o(i.MX_UART5_IRQ_Init)
    i.MemManage_Handler                      0x080017e0   Section        0  stm32f4xx_it.o(i.MemManage_Handler)
    i.NMI_Handler                            0x080017e2   Section        0  stm32f4xx_it.o(i.NMI_Handler)
    i.NVIC_SetPriority                       0x080017e4   Section        0  stm32f4xx_hal_cortex.o(i.NVIC_SetPriority)
    NVIC_SetPriority                         0x080017e5   Thumb Code    32  stm32f4xx_hal_cortex.o(i.NVIC_SetPriority)
    i.OTG_HS_IRQHandler                      0x08001804   Section        0  stm32f4xx_it.o(i.OTG_HS_IRQHandler)
    i.PendSV_Handler                         0x08001810   Section        0  stm32f4xx_it.o(i.PendSV_Handler)
    i.SVC_Handler                            0x08001812   Section        0  stm32f4xx_it.o(i.SVC_Handler)
    i.SysTick_Handler                        0x08001814   Section        0  stm32f4xx_it.o(i.SysTick_Handler)
    i.SystemInit                             0x08001818   Section        0  system_stm32f4xx.o(i.SystemInit)
    i.UART5_IRQHandler                       0x0800186c   Section        0  stm32f4xx_it.o(i.UART5_IRQHandler)
    i.UART_Receive_IT                        0x080018a0   Section        0  stm32f4xx_hal_uart.o(i.UART_Receive_IT)
    UART_Receive_IT                          0x080018a1   Thumb Code   168  stm32f4xx_hal_uart.o(i.UART_Receive_IT)
    i.UART_SetConfig                         0x08001948   Section        0  stm32f4xx_hal_uart.o(i.UART_SetConfig)
    UART_SetConfig                           0x08001949   Thumb Code   366  stm32f4xx_hal_uart.o(i.UART_SetConfig)
    i.UART_Transmit_IT                       0x08001ac0   Section        0  stm32f4xx_hal_uart.o(i.UART_Transmit_IT)
    UART_Transmit_IT                         0x08001ac1   Thumb Code   162  stm32f4xx_hal_uart.o(i.UART_Transmit_IT)
    i.UART_WaitOnFlagUntilTimeout            0x08001b62   Section        0  stm32f4xx_hal_uart.o(i.UART_WaitOnFlagUntilTimeout)
    UART_WaitOnFlagUntilTimeout              0x08001b63   Thumb Code   146  stm32f4xx_hal_uart.o(i.UART_WaitOnFlagUntilTimeout)
    i.USBH_AllocPipe                         0x08001bf4   Section        0  usbh_pipes.o(i.USBH_AllocPipe)
    i.USBH_BulkReceiveData                   0x08001c28   Section        0  usbh_ioreq.o(i.USBH_BulkReceiveData)
    i.USBH_BulkSendData                      0x08001c48   Section        0  usbh_ioreq.o(i.USBH_BulkSendData)
    i.USBH_ClosePipe                         0x08001c70   Section        0  usbh_pipes.o(i.USBH_ClosePipe)
    i.USBH_ClrFeature                        0x08001c7a   Section        0  usbh_ctlreq.o(i.USBH_ClrFeature)
    i.USBH_CtlReceiveData                    0x08001c98   Section        0  usbh_ioreq.o(i.USBH_CtlReceiveData)
    i.USBH_CtlReq                            0x08001cb6   Section        0  usbh_ctlreq.o(i.USBH_CtlReq)
    i.USBH_CtlSendData                       0x08001cec   Section        0  usbh_ioreq.o(i.USBH_CtlSendData)
    i.USBH_CtlSendSetup                      0x08001d14   Section        0  usbh_ioreq.o(i.USBH_CtlSendSetup)
    i.USBH_Delay                             0x08001d32   Section        0  usbh_conf.o(i.USBH_Delay)
    i.USBH_FindInterface                     0x08001d36   Section        0  usbh_core.o(i.USBH_FindInterface)
    i.USBH_FreePipe                          0x08001d7a   Section        0  usbh_pipes.o(i.USBH_FreePipe)
    i.USBH_GetDescriptor                     0x08001d92   Section        0  usbh_ctlreq.o(i.USBH_GetDescriptor)
    i.USBH_GetNextDesc                       0x08001dc6   Section        0  usbh_ctlreq.o(i.USBH_GetNextDesc)
    i.USBH_Get_CfgDesc                       0x08001dd4   Section        0  usbh_ctlreq.o(i.USBH_Get_CfgDesc)
    i.USBH_Get_DevDesc                       0x08001e00   Section        0  usbh_ctlreq.o(i.USBH_Get_DevDesc)
    i.USBH_Get_StringDesc                    0x08001e80   Section        0  usbh_ctlreq.o(i.USBH_Get_StringDesc)
    i.USBH_HandleControl                     0x08001ec8   Section        0  usbh_ctlreq.o(i.USBH_HandleControl)
    USBH_HandleControl                       0x08001ec9   Thumb Code   382  usbh_ctlreq.o(i.USBH_HandleControl)
    i.USBH_HandleEnum                        0x08002046   Section        0  usbh_core.o(i.USBH_HandleEnum)
    USBH_HandleEnum                          0x08002047   Thumb Code   242  usbh_core.o(i.USBH_HandleEnum)
    i.USBH_Init                              0x08002138   Section        0  usbh_core.o(i.USBH_Init)
    i.USBH_LL_ClosePipe                      0x08002168   Section        0  usbh_conf.o(i.USBH_LL_ClosePipe)
    i.USBH_LL_Connect                        0x08002176   Section        0  usbh_core.o(i.USBH_LL_Connect)
    i.USBH_LL_Disconnect                     0x080021a2   Section        0  usbh_core.o(i.USBH_LL_Disconnect)
    i.USBH_LL_DriverVBUS                     0x080021dc   Section        0  usbh_conf.o(i.USBH_LL_DriverVBUS)
    i.USBH_LL_GetLastXferSize                0x080021fc   Section        0  usbh_conf.o(i.USBH_LL_GetLastXferSize)
    i.USBH_LL_GetSpeed                       0x08002204   Section        0  usbh_conf.o(i.USBH_LL_GetSpeed)
    i.USBH_LL_GetToggle                      0x08002224   Section        0  usbh_conf.o(i.USBH_LL_GetToggle)
    i.USBH_LL_GetURBState                    0x08002244   Section        0  usbh_conf.o(i.USBH_LL_GetURBState)
    i.USBH_LL_IncTimer                       0x0800224c   Section        0  usbh_core.o(i.USBH_LL_IncTimer)
    i.USBH_LL_Init                           0x0800226c   Section        0  usbh_conf.o(i.USBH_LL_Init)
    i.USBH_LL_OpenPipe                       0x080022bc   Section        0  usbh_conf.o(i.USBH_LL_OpenPipe)
    i.USBH_LL_ResetPort                      0x080022d4   Section        0  usbh_conf.o(i.USBH_LL_ResetPort)
    i.USBH_LL_SetTimer                       0x080022e2   Section        0  usbh_core.o(i.USBH_LL_SetTimer)
    i.USBH_LL_SetToggle                      0x080022e8   Section        0  usbh_conf.o(i.USBH_LL_SetToggle)
    i.USBH_LL_Start                          0x0800230c   Section        0  usbh_conf.o(i.USBH_LL_Start)
    i.USBH_LL_Stop                           0x0800231a   Section        0  usbh_conf.o(i.USBH_LL_Stop)
    i.USBH_LL_SubmitURB                      0x08002328   Section        0  usbh_conf.o(i.USBH_LL_SubmitURB)
    i.USBH_MSC_BOT_Abort                     0x08002348   Section        0  usbh_msc_bot.o(i.USBH_MSC_BOT_Abort)
    USBH_MSC_BOT_Abort                       0x08002349   Thumb Code    30  usbh_msc_bot.o(i.USBH_MSC_BOT_Abort)
    i.USBH_MSC_BOT_Init                      0x08002368   Section        0  usbh_msc_bot.o(i.USBH_MSC_BOT_Init)
    i.USBH_MSC_BOT_Process                   0x0800238c   Section        0  usbh_msc_bot.o(i.USBH_MSC_BOT_Process)
    i.USBH_MSC_BOT_REQ_GetMaxLUN             0x08002568   Section        0  usbh_msc_bot.o(i.USBH_MSC_BOT_REQ_GetMaxLUN)
    i.USBH_MSC_BOT_REQ_Reset                 0x0800257e   Section        0  usbh_msc_bot.o(i.USBH_MSC_BOT_REQ_Reset)
    i.USBH_MSC_ClassRequest                  0x08002594   Section        0  usbh_msc.o(i.USBH_MSC_ClassRequest)
    USBH_MSC_ClassRequest                    0x08002595   Thumb Code    98  usbh_msc.o(i.USBH_MSC_ClassRequest)
    i.USBH_MSC_GetLUNInfo                    0x080025f6   Section        0  usbh_msc.o(i.USBH_MSC_GetLUNInfo)
    i.USBH_MSC_InterfaceDeInit               0x08002624   Section        0  usbh_msc.o(i.USBH_MSC_InterfaceDeInit)
    USBH_MSC_InterfaceDeInit                 0x08002625   Thumb Code    74  usbh_msc.o(i.USBH_MSC_InterfaceDeInit)
    i.USBH_MSC_InterfaceInit                 0x0800266e   Section        0  usbh_msc.o(i.USBH_MSC_InterfaceInit)
    USBH_MSC_InterfaceInit                   0x0800266f   Thumb Code   332  usbh_msc.o(i.USBH_MSC_InterfaceInit)
    i.USBH_MSC_Process                       0x080027ba   Section        0  usbh_msc.o(i.USBH_MSC_Process)
    USBH_MSC_Process                         0x080027bb   Thumb Code   656  usbh_msc.o(i.USBH_MSC_Process)
    i.USBH_MSC_RdWrProcess                   0x08002a4c   Section        0  usbh_msc.o(i.USBH_MSC_RdWrProcess)
    USBH_MSC_RdWrProcess                     0x08002a4d   Thumb Code   142  usbh_msc.o(i.USBH_MSC_RdWrProcess)
    i.USBH_MSC_Read                          0x08002ada   Section        0  usbh_msc.o(i.USBH_MSC_Read)
    i.USBH_MSC_SCSI_Inquiry                  0x08002b62   Section        0  usbh_msc_scsi.o(i.USBH_MSC_SCSI_Inquiry)
    i.USBH_MSC_SCSI_Read                     0x08002c22   Section        0  usbh_msc_scsi.o(i.USBH_MSC_SCSI_Read)
    i.USBH_MSC_SCSI_ReadCapacity             0x08002c9e   Section        0  usbh_msc_scsi.o(i.USBH_MSC_SCSI_ReadCapacity)
    i.USBH_MSC_SCSI_RequestSense             0x08002d18   Section        0  usbh_msc_scsi.o(i.USBH_MSC_SCSI_RequestSense)
    i.USBH_MSC_SCSI_TestUnitReady            0x08002daa   Section        0  usbh_msc_scsi.o(i.USBH_MSC_SCSI_TestUnitReady)
    i.USBH_MSC_SCSI_Write                    0x08002df6   Section        0  usbh_msc_scsi.o(i.USBH_MSC_SCSI_Write)
    i.USBH_MSC_SOFProcess                    0x08002e72   Section        0  usbh_msc.o(i.USBH_MSC_SOFProcess)
    USBH_MSC_SOFProcess                      0x08002e73   Thumb Code     4  usbh_msc.o(i.USBH_MSC_SOFProcess)
    i.USBH_MSC_UnitIsReady                   0x08002e76   Section        0  usbh_msc.o(i.USBH_MSC_UnitIsReady)
    i.USBH_MSC_Write                         0x08002e9c   Section        0  usbh_msc.o(i.USBH_MSC_Write)
    i.USBH_OpenPipe                          0x08002f24   Section        0  usbh_pipes.o(i.USBH_OpenPipe)
    i.USBH_ParseCfgDesc                      0x08002f38   Section        0  usbh_ctlreq.o(i.USBH_ParseCfgDesc)
    USBH_ParseCfgDesc                        0x08002f39   Thumb Code   232  usbh_ctlreq.o(i.USBH_ParseCfgDesc)
    i.USBH_Process                           0x08003020   Section        0  usbh_core.o(i.USBH_Process)
    i.USBH_RegisterClass                     0x08003188   Section        0  usbh_core.o(i.USBH_RegisterClass)
    i.USBH_SelectInterface                   0x080031a4   Section        0  usbh_core.o(i.USBH_SelectInterface)
    i.USBH_SetAddress                        0x080031ba   Section        0  usbh_ctlreq.o(i.USBH_SetAddress)
    i.USBH_SetCfg                            0x080031d6   Section        0  usbh_ctlreq.o(i.USBH_SetCfg)
    i.USBH_Start                             0x080031f2   Section        0  usbh_core.o(i.USBH_Start)
    i.USBH_UserProcess                       0x08003208   Section        0  main.o(i.USBH_UserProcess)
    USBH_UserProcess                         0x08003209   Thumb Code    34  main.o(i.USBH_UserProcess)
    i.USBH_initialize                        0x08003234   Section        0  usbh_diskio.o(i.USBH_initialize)
    i.USBH_ioctl                             0x08003238   Section        0  usbh_diskio.o(i.USBH_ioctl)
    i.USBH_read                              0x08003288   Section        0  usbh_diskio.o(i.USBH_read)
    i.USBH_status                            0x08003304   Section        0  usbh_diskio.o(i.USBH_status)
    i.USBH_write                             0x0800331c   Section        0  usbh_diskio.o(i.USBH_write)
    i.USB_CoreInit                           0x080033a4   Section        0  stm32f4xx_ll_usb.o(i.USB_CoreInit)
    i.USB_CoreReset                          0x08003410   Section        0  stm32f4xx_ll_usb.o(i.USB_CoreReset)
    USB_CoreReset                            0x08003411   Thumb Code    50  stm32f4xx_ll_usb.o(i.USB_CoreReset)
    i.USB_DisableGlobalInt                   0x08003448   Section        0  stm32f4xx_ll_usb.o(i.USB_DisableGlobalInt)
    i.USB_DoPing                             0x08003454   Section        0  stm32f4xx_ll_usb.o(i.USB_DoPing)
    i.USB_DriveVbus                          0x080034a8   Section        0  stm32f4xx_ll_usb.o(i.USB_DriveVbus)
    i.USB_EnableGlobalInt                    0x080034d4   Section        0  stm32f4xx_ll_usb.o(i.USB_EnableGlobalInt)
    i.USB_FlushRxFifo                        0x080034e0   Section        0  stm32f4xx_ll_usb.o(i.USB_FlushRxFifo)
    i.USB_FlushTxFifo                        0x08003500   Section        0  stm32f4xx_ll_usb.o(i.USB_FlushTxFifo)
    i.USB_GetCurrentFrame                    0x08003524   Section        0  stm32f4xx_ll_usb.o(i.USB_GetCurrentFrame)
    i.USB_GetHostSpeed                       0x0800352c   Section        0  stm32f4xx_ll_usb.o(i.USB_GetHostSpeed)
    i.USB_GetMode                            0x0800353a   Section        0  stm32f4xx_ll_usb.o(i.USB_GetMode)
    i.USB_HC_Halt                            0x08003542   Section        0  stm32f4xx_ll_usb.o(i.USB_HC_Halt)
    i.USB_HC_Init                            0x080036bc   Section        0  stm32f4xx_ll_usb.o(i.USB_HC_Init)
    i.USB_HC_ReadInterrupt                   0x080037a6   Section        0  stm32f4xx_ll_usb.o(i.USB_HC_ReadInterrupt)
    i.USB_HC_StartXfer                       0x080037b4   Section        0  stm32f4xx_ll_usb.o(i.USB_HC_StartXfer)
    i.USB_HostInit                           0x08003944   Section        0  stm32f4xx_ll_usb.o(i.USB_HostInit)
    i.USB_InitFSLSPClkSel                    0x08003a18   Section        0  stm32f4xx_ll_usb.o(i.USB_InitFSLSPClkSel)
    i.USB_ReadInterrupts                     0x08003a4e   Section        0  stm32f4xx_ll_usb.o(i.USB_ReadInterrupts)
    i.USB_ReadPacket                         0x08003a56   Section        0  stm32f4xx_ll_usb.o(i.USB_ReadPacket)
    i.USB_ResetPort                          0x08003a76   Section        0  stm32f4xx_ll_usb.o(i.USB_ResetPort)
    i.USB_SetCurrentMode                     0x08003aa2   Section        0  stm32f4xx_ll_usb.o(i.USB_SetCurrentMode)
    i.USB_StopHost                           0x08003ace   Section        0  stm32f4xx_ll_usb.o(i.USB_StopHost)
    i.USB_WritePacket                        0x08003b80   Section        0  stm32f4xx_ll_usb.o(i.USB_WritePacket)
    i.UsageFault_Handler                     0x08003ba8   Section        0  stm32f4xx_it.o(i.UsageFault_Handler)
    i.__scatterload_copy                     0x08003baa   Section       14  handlers.o(i.__scatterload_copy)
    i.__scatterload_null                     0x08003bb8   Section        2  handlers.o(i.__scatterload_null)
    i.__scatterload_zeroinit                 0x08003bba   Section       14  handlers.o(i.__scatterload_zeroinit)
    i.check_fs                               0x08003bc8   Section        0  ff.o(i.check_fs)
    check_fs                                 0x08003bc9   Thumb Code    90  ff.o(i.check_fs)
    i.chk_lock                               0x08003c28   Section        0  ff.o(i.chk_lock)
    chk_lock                                 0x08003c29   Thumb Code   102  ff.o(i.chk_lock)
    i.clear_lock                             0x08003c94   Section        0  ff.o(i.clear_lock)
    clear_lock                               0x08003c95   Thumb Code    32  ff.o(i.clear_lock)
    i.clmt_clust                             0x08003cb8   Section        0  ff.o(i.clmt_clust)
    clmt_clust                               0x08003cb9   Thumb Code    42  ff.o(i.clmt_clust)
    i.clust2sect                             0x08003ce2   Section        0  ff.o(i.clust2sect)
    i.create_chain                           0x08003d00   Section        0  ff.o(i.create_chain)
    create_chain                             0x08003d01   Thumb Code   172  ff.o(i.create_chain)
    i.create_name                            0x08003dac   Section        0  ff.o(i.create_name)
    create_name                              0x08003dad   Thumb Code   234  ff.o(i.create_name)
    i.dec_lock                               0x08003eac   Section        0  ff.o(i.dec_lock)
    dec_lock                                 0x08003ead   Thumb Code    54  ff.o(i.dec_lock)
    i.dir_next                               0x08003ee8   Section        0  ff.o(i.dir_next)
    dir_next                                 0x08003ee9   Thumb Code   288  ff.o(i.dir_next)
    i.dir_register                           0x08004008   Section        0  ff.o(i.dir_register)
    dir_register                             0x08004009   Thumb Code   118  ff.o(i.dir_register)
    i.dir_sdi                                0x0800407e   Section        0  ff.o(i.dir_sdi)
    dir_sdi                                  0x0800407f   Thumb Code   158  ff.o(i.dir_sdi)
    i.disk_initialize                        0x0800411c   Section        0  diskio.o(i.disk_initialize)
    i.disk_ioctl                             0x08004140   Section        0  diskio.o(i.disk_ioctl)
    i.disk_read                              0x0800415c   Section        0  diskio.o(i.disk_read)
    i.disk_status                            0x0800417c   Section        0  diskio.o(i.disk_status)
    i.disk_write                             0x0800418c   Section        0  diskio.o(i.disk_write)
    i.f_close                                0x080041ac   Section        0  ff.o(i.f_close)
    i.f_lseek                                0x080041d8   Section        0  ff.o(i.f_lseek)
    i.f_mount                                0x0800445c   Section        0  ff.o(i.f_mount)
    i.f_open                                 0x080044b8   Section        0  ff.o(i.f_open)
    i.f_printf                               0x08004658   Section        0  ff.o(i.f_printf)
    i.f_sync                                 0x08004842   Section        0  ff.o(i.f_sync)
    i.f_write                                0x080048fa   Section        0  ff.o(i.f_write)
    i.find_volume                            0x08004ad4   Section        0  ff.o(i.find_volume)
    find_volume                              0x08004ad5   Thumb Code   588  ff.o(i.find_volume)
    i.follow_path                            0x08004d2c   Section        0  ff.o(i.follow_path)
    follow_path                              0x08004d2d   Thumb Code   192  ff.o(i.follow_path)
    i.free                                   0x08004dec   Section        0  malloc.o(i.free)
    i.get_fat                                0x08004e3c   Section        0  ff.o(i.get_fat)
    i.get_fattime                            0x08004ef6   Section        0  diskio.o(i.get_fattime)
    i.get_ldnumber                           0x08004efa   Section        0  ff.o(i.get_ldnumber)
    get_ldnumber                             0x08004efb   Thumb Code    46  ff.o(i.get_ldnumber)
    i.inc_lock                               0x08004f28   Section        0  ff.o(i.inc_lock)
    inc_lock                                 0x08004f29   Thumb Code   154  ff.o(i.inc_lock)
    i.ld_clust                               0x08004fc8   Section        0  ff.o(i.ld_clust)
    ld_clust                                 0x08004fc9   Thumb Code    20  ff.o(i.ld_clust)
    i.main                                   0x08004fdc   Section        0  main.o(i.main)
    i.malloc                                 0x08005114   Section        0  malloc.o(i.malloc)
    i.mem_cpy                                0x08005180   Section        0  ff.o(i.mem_cpy)
    mem_cpy                                  0x08005181   Thumb Code    18  ff.o(i.mem_cpy)
    i.mem_set                                0x08005192   Section        0  ff.o(i.mem_set)
    mem_set                                  0x08005193   Thumb Code    14  ff.o(i.mem_set)
    i.move_window                            0x080051a0   Section        0  ff.o(i.move_window)
    move_window                              0x080051a1   Thumb Code    50  ff.o(i.move_window)
    i.open_n_log                             0x080051d4   Section        0  stm32f4xx_it.o(i.open_n_log)
    i.put_fat                                0x08005250   Section        0  ff.o(i.put_fat)
    i.putc_bfd                               0x0800534e   Section        0  ff.o(i.putc_bfd)
    putc_bfd                                 0x0800534f   Thumb Code    70  ff.o(i.putc_bfd)
    i.remove_chain                           0x08005394   Section        0  ff.o(i.remove_chain)
    remove_chain                             0x08005395   Thumb Code   110  ff.o(i.remove_chain)
    i.st_clust                               0x08005402   Section        0  ff.o(i.st_clust)
    st_clust                                 0x08005403   Thumb Code    16  ff.o(i.st_clust)
    i.sync_fs                                0x08005412   Section        0  ff.o(i.sync_fs)
    sync_fs                                  0x08005413   Thumb Code   182  ff.o(i.sync_fs)
    i.sync_window                            0x080054c8   Section        0  ff.o(i.sync_window)
    sync_window                              0x080054c9   Thumb Code    90  ff.o(i.sync_window)
    i.validate                               0x08005522   Section        0  ff.o(i.validate)
    validate                                 0x08005523   Thumb Code    48  ff.o(i.validate)
    .constdata                               0x08005552   Section        8  stm32f429i_discovery.o(.constdata)
    .constdata                               0x0800555a   Section       16  stm32f4xx_hal_rcc.o(.constdata)
    .constdata                               0x0800556a   Section      172  ff.o(.constdata)
    ExCvt                                    0x0800556a   Data         128  ff.o(.constdata)
    vst                                      0x080055ea   Data          22  ff.o(.constdata)
    cst                                      0x08005600   Data          22  ff.o(.constdata)
    .conststring                             0x08005618   Section        4  usbh_msc.o(.conststring)
    .data                                    0x20000000   Section        4  main.o(.data)
    .data                                    0x20000004   Section        5  main.o(.data)
    .data                                    0x20000009   Section        1  main.o(.data)
    .data                                    0x2000000c   Section       24  stm32f429i_discovery.o(.data)
    Is_LCD_IO_Initialized                    0x2000000c   Data           1  stm32f429i_discovery.o(.data)
    .data                                    0x20000024   Section       20  system_stm32f4xx.o(.data)
    .data                                    0x20000038   Section        4  stm32f4xx_hal.o(.data)
    uwTick                                   0x20000038   Data           4  stm32f4xx_hal.o(.data)
    .data                                    0x2000003c   Section        8  ff.o(.data)
    Fsid                                     0x2000003c   Data           2  ff.o(.data)
    FatFs                                    0x20000040   Data           4  ff.o(.data)
    .data                                    0x20000044   Section       20  usbh_diskio.o(.data)
    .data                                    0x20000058   Section       32  usbh_msc.o(.data)
    .data                                    0x20000078   Section        4  mvars.o(.data)
    .data                                    0x2000007c   Section        4  mvars.o(.data)
    .bss                                     0x20000080   Section     1332  main.o(.bss)
    .bss                                     0x200005b4   Section      556  main.o(.bss)
    .bss                                     0x200007e0   Section      656  usbh_conf.o(.bss)
    .bss                                     0x20000a70   Section       24  ff.o(.bss)
    Files                                    0x20000a70   Data          24  ff.o(.bss)
    .bss                                     0x20000a88   Section       12  ff_gen_drv.o(.bss)
    HEAP                                     0x20000a98   Section     1024  startup_stm32f429xx.o(HEAP)
    STACK                                    0x20000e98   Section     2048  startup_stm32f429xx.o(STACK)

    Global Symbols

    Symbol Name                              Value     Ov Type        Size  Object(Section)

    BuildAttributes$$THM_ISAv4$E$P$D$K$B$S$7EM$VFPi3$EXTD16$VFPS$VFMA$PE$A:L22UL41UL21$X:L11$S22US41US21$IEEE1$IW$USESV6$~STKCKD$USESV7$~SHL$OSPACE$EBA8$MICROLIB$REQ8$PRES8$EABIv2 0x00000000   Number         0  anon$$obj.o ABSOLUTE
    __ARM_use_no_argv                        0x00000000   Number         0  main.o ABSOLUTE
    __cpp_initialize__aeabi_                  - Undefined Weak Reference
    __cxa_finalize                            - Undefined Weak Reference
    __decompress                              - Undefined Weak Reference
    _clock_init                               - Undefined Weak Reference
    _microlib_exit                            - Undefined Weak Reference
    __Vectors_Size                           0x000001ac   Number         0  startup_stm32f429xx.o ABSOLUTE
    __Vectors                                0x08000000   Data           4  startup_stm32f429xx.o(RESET)
    __Vectors_End                            0x080001ac   Data           0  startup_stm32f429xx.o(RESET)
    __main                                   0x080001ad   Thumb Code     0  entry.o(.ARM.Collect$$$$00000000)
    _main_stk                                0x080001ad   Thumb Code     0  entry2.o(.ARM.Collect$$$$00000001)
    _main_scatterload                        0x080001b1   Thumb Code     0  entry5.o(.ARM.Collect$$$$00000004)
    __main_after_scatterload                 0x080001b5   Thumb Code     0  entry5.o(.ARM.Collect$$$$00000004)
    _main_clock                              0x080001b5   Thumb Code     0  entry7b.o(.ARM.Collect$$$$00000008)
    _main_cpp_init                           0x080001b5   Thumb Code     0  entry8b.o(.ARM.Collect$$$$0000000A)
    _main_init                               0x080001b5   Thumb Code     0  entry9a.o(.ARM.Collect$$$$0000000B)
    __rt_final_cpp                           0x080001bd   Thumb Code     0  entry10a.o(.ARM.Collect$$$$0000000D)
    __rt_final_exit                          0x080001bd   Thumb Code     0  entry11a.o(.ARM.Collect$$$$0000000F)
    Reset_Handler                            0x080001c1   Thumb Code     8  startup_stm32f429xx.o(.text)
    ADC_IRQHandler                           0x080001db   Thumb Code     0  startup_stm32f429xx.o(.text)
    CAN1_RX0_IRQHandler                      0x080001db   Thumb Code     0  startup_stm32f429xx.o(.text)
    CAN1_RX1_IRQHandler                      0x080001db   Thumb Code     0  startup_stm32f429xx.o(.text)
    CAN1_SCE_IRQHandler                      0x080001db   Thumb Code     0  startup_stm32f429xx.o(.text)
    CAN1_TX_IRQHandler                       0x080001db   Thumb Code     0  startup_stm32f429xx.o(.text)
    CAN2_RX0_IRQHandler                      0x080001db   Thumb Code     0  startup_stm32f429xx.o(.text)
    CAN2_RX1_IRQHandler                      0x080001db   Thumb Code     0  startup_stm32f429xx.o(.text)
    CAN2_SCE_IRQHandler                      0x080001db   Thumb Code     0  startup_stm32f429xx.o(.text)
    CAN2_TX_IRQHandler                       0x080001db   Thumb Code     0  startup_stm32f429xx.o(.text)
    DCMI_IRQHandler                          0x080001db   Thumb Code     0  startup_stm32f429xx.o(.text)
    DMA1_Stream0_IRQHandler                  0x080001db   Thumb Code     0  startup_stm32f429xx.o(.text)
    DMA1_Stream1_IRQHandler                  0x080001db   Thumb Code     0  startup_stm32f429xx.o(.text)
    DMA1_Stream2_IRQHandler                  0x080001db   Thumb Code     0  startup_stm32f429xx.o(.text)
    DMA1_Stream3_IRQHandler                  0x080001db   Thumb Code     0  startup_stm32f429xx.o(.text)
    DMA1_Stream4_IRQHandler                  0x080001db   Thumb Code     0  startup_stm32f429xx.o(.text)
    DMA1_Stream5_IRQHandler                  0x080001db   Thumb Code     0  startup_stm32f429xx.o(.text)
    DMA1_Stream6_IRQHandler                  0x080001db   Thumb Code     0  startup_stm32f429xx.o(.text)
    DMA1_Stream7_IRQHandler                  0x080001db   Thumb Code     0  startup_stm32f429xx.o(.text)
    DMA2D_IRQHandler                         0x080001db   Thumb Code     0  startup_stm32f429xx.o(.text)
    DMA2_Stream0_IRQHandler                  0x080001db   Thumb Code     0  startup_stm32f429xx.o(.text)
    DMA2_Stream1_IRQHandler                  0x080001db   Thumb Code     0  startup_stm32f429xx.o(.text)
    DMA2_Stream2_IRQHandler                  0x080001db   Thumb Code     0  startup_stm32f429xx.o(.text)
    DMA2_Stream3_IRQHandler                  0x080001db   Thumb Code     0  startup_stm32f429xx.o(.text)
    DMA2_Stream4_IRQHandler                  0x080001db   Thumb Code     0  startup_stm32f429xx.o(.text)
    DMA2_Stream5_IRQHandler                  0x080001db   Thumb Code     0  startup_stm32f429xx.o(.text)
    DMA2_Stream6_IRQHandler                  0x080001db   Thumb Code     0  startup_stm32f429xx.o(.text)
    DMA2_Stream7_IRQHandler                  0x080001db   Thumb Code     0  startup_stm32f429xx.o(.text)
    ETH_IRQHandler                           0x080001db   Thumb Code     0  startup_stm32f429xx.o(.text)
    ETH_WKUP_IRQHandler                      0x080001db   Thumb Code     0  startup_stm32f429xx.o(.text)
    EXTI0_IRQHandler                         0x080001db   Thumb Code     0  startup_stm32f429xx.o(.text)
    EXTI15_10_IRQHandler                     0x080001db   Thumb Code     0  startup_stm32f429xx.o(.text)
    EXTI1_IRQHandler                         0x080001db   Thumb Code     0  startup_stm32f429xx.o(.text)
    EXTI2_IRQHandler                         0x080001db   Thumb Code     0  startup_stm32f429xx.o(.text)
    EXTI3_IRQHandler                         0x080001db   Thumb Code     0  startup_stm32f429xx.o(.text)
    EXTI4_IRQHandler                         0x080001db   Thumb Code     0  startup_stm32f429xx.o(.text)
    EXTI9_5_IRQHandler                       0x080001db   Thumb Code     0  startup_stm32f429xx.o(.text)
    FLASH_IRQHandler                         0x080001db   Thumb Code     0  startup_stm32f429xx.o(.text)
    FMC_IRQHandler                           0x080001db   Thumb Code     0  startup_stm32f429xx.o(.text)
    FPU_IRQHandler                           0x080001db   Thumb Code     0  startup_stm32f429xx.o(.text)
    HASH_RNG_IRQHandler                      0x080001db   Thumb Code     0  startup_stm32f429xx.o(.text)
    I2C1_ER_IRQHandler                       0x080001db   Thumb Code     0  startup_stm32f429xx.o(.text)
    I2C1_EV_IRQHandler                       0x080001db   Thumb Code     0  startup_stm32f429xx.o(.text)
    I2C2_ER_IRQHandler                       0x080001db   Thumb Code     0  startup_stm32f429xx.o(.text)
    I2C2_EV_IRQHandler                       0x080001db   Thumb Code     0  startup_stm32f429xx.o(.text)
    I2C3_ER_IRQHandler                       0x080001db   Thumb Code     0  startup_stm32f429xx.o(.text)
    I2C3_EV_IRQHandler                       0x080001db   Thumb Code     0  startup_stm32f429xx.o(.text)
    LTDC_ER_IRQHandler                       0x080001db   Thumb Code     0  startup_stm32f429xx.o(.text)
    LTDC_IRQHandler                          0x080001db   Thumb Code     0  startup_stm32f429xx.o(.text)
    OTG_FS_IRQHandler                        0x080001db   Thumb Code     0  startup_stm32f429xx.o(.text)
    OTG_FS_WKUP_IRQHandler                   0x080001db   Thumb Code     0  startup_stm32f429xx.o(.text)
    OTG_HS_EP1_IN_IRQHandler                 0x080001db   Thumb Code     0  startup_stm32f429xx.o(.text)
    OTG_HS_EP1_OUT_IRQHandler                0x080001db   Thumb Code     0  startup_stm32f429xx.o(.text)
    OTG_HS_WKUP_IRQHandler                   0x080001db   Thumb Code     0  startup_stm32f429xx.o(.text)
    PVD_IRQHandler                           0x080001db   Thumb Code     0  startup_stm32f429xx.o(.text)
    RCC_IRQHandler                           0x080001db   Thumb Code     0  startup_stm32f429xx.o(.text)
    RTC_Alarm_IRQHandler                     0x080001db   Thumb Code     0  startup_stm32f429xx.o(.text)
    RTC_WKUP_IRQHandler                      0x080001db   Thumb Code     0  startup_stm32f429xx.o(.text)
    SAI1_IRQHandler                          0x080001db   Thumb Code     0  startup_stm32f429xx.o(.text)
    SDIO_IRQHandler                          0x080001db   Thumb Code     0  startup_stm32f429xx.o(.text)
    SPI1_IRQHandler                          0x080001db   Thumb Code     0  startup_stm32f429xx.o(.text)
    SPI2_IRQHandler                          0x080001db   Thumb Code     0  startup_stm32f429xx.o(.text)
    SPI3_IRQHandler                          0x080001db   Thumb Code     0  startup_stm32f429xx.o(.text)
    SPI4_IRQHandler                          0x080001db   Thumb Code     0  startup_stm32f429xx.o(.text)
    SPI5_IRQHandler                          0x080001db   Thumb Code     0  startup_stm32f429xx.o(.text)
    SPI6_IRQHandler                          0x080001db   Thumb Code     0  startup_stm32f429xx.o(.text)
    TAMP_STAMP_IRQHandler                    0x080001db   Thumb Code     0  startup_stm32f429xx.o(.text)
    TIM1_BRK_TIM9_IRQHandler                 0x080001db   Thumb Code     0  startup_stm32f429xx.o(.text)
    TIM1_CC_IRQHandler                       0x080001db   Thumb Code     0  startup_stm32f429xx.o(.text)
    TIM1_TRG_COM_TIM11_IRQHandler            0x080001db   Thumb Code     0  startup_stm32f429xx.o(.text)
    TIM1_UP_TIM10_IRQHandler                 0x080001db   Thumb Code     0  startup_stm32f429xx.o(.text)
    TIM2_IRQHandler                          0x080001db   Thumb Code     0  startup_stm32f429xx.o(.text)
    TIM3_IRQHandler                          0x080001db   Thumb Code     0  startup_stm32f429xx.o(.text)
    TIM4_IRQHandler                          0x080001db   Thumb Code     0  startup_stm32f429xx.o(.text)
    TIM5_IRQHandler                          0x080001db   Thumb Code     0  startup_stm32f429xx.o(.text)
    TIM6_DAC_IRQHandler                      0x080001db   Thumb Code     0  startup_stm32f429xx.o(.text)
    TIM7_IRQHandler                          0x080001db   Thumb Code     0  startup_stm32f429xx.o(.text)
    TIM8_BRK_TIM12_IRQHandler                0x080001db   Thumb Code     0  startup_stm32f429xx.o(.text)
    TIM8_CC_IRQHandler                       0x080001db   Thumb Code     0  startup_stm32f429xx.o(.text)
    TIM8_TRG_COM_TIM14_IRQHandler            0x080001db   Thumb Code     0  startup_stm32f429xx.o(.text)
    TIM8_UP_TIM13_IRQHandler                 0x080001db   Thumb Code     0  startup_stm32f429xx.o(.text)
    UART4_IRQHandler                         0x080001db   Thumb Code     0  startup_stm32f429xx.o(.text)
    UART7_IRQHandler                         0x080001db   Thumb Code     0  startup_stm32f429xx.o(.text)
    UART8_IRQHandler                         0x080001db   Thumb Code     0  startup_stm32f429xx.o(.text)
    USART1_IRQHandler                        0x080001db   Thumb Code     0  startup_stm32f429xx.o(.text)
    USART2_IRQHandler                        0x080001db   Thumb Code     0  startup_stm32f429xx.o(.text)
    USART3_IRQHandler                        0x080001db   Thumb Code     0  startup_stm32f429xx.o(.text)
    USART6_IRQHandler                        0x080001db   Thumb Code     0  startup_stm32f429xx.o(.text)
    WWDG_IRQHandler                          0x080001db   Thumb Code     0  startup_stm32f429xx.o(.text)
    __aeabi_memcpy                           0x080001e5   Thumb Code    36  memcpya.o(.text)
    __aeabi_memcpy4                          0x080001e5   Thumb Code     0  memcpya.o(.text)
    __aeabi_memcpy8                          0x080001e5   Thumb Code     0  memcpya.o(.text)
    __aeabi_memset                           0x08000209   Thumb Code    14  memseta.o(.text)
    __aeabi_memset4                          0x08000209   Thumb Code     0  memseta.o(.text)
    __aeabi_memset8                          0x08000209   Thumb Code     0  memseta.o(.text)
    __aeabi_memclr                           0x08000217   Thumb Code     4  memseta.o(.text)
    __aeabi_memclr4                          0x08000217   Thumb Code     0  memseta.o(.text)
    __aeabi_memclr8                          0x08000217   Thumb Code     0  memseta.o(.text)
    _memset$wrapper                          0x0800021b   Thumb Code    18  memseta.o(.text)
    __scatterload                            0x0800022d   Thumb Code    28  init.o(.text)
    __scatterload_rt2                        0x0800022d   Thumb Code     0  init.o(.text)
    BSP_LED_Init                             0x08000251   Thumb Code    64  stm32f429i_discovery.o(i.BSP_LED_Init)
    BusFault_Handler                         0x0800029d   Thumb Code     2  stm32f4xx_it.o(i.BusFault_Handler)
    DebugMon_Handler                         0x080002e7   Thumb Code     2  stm32f4xx_it.o(i.DebugMon_Handler)
    Error_Handler                            0x080002e9   Thumb Code    16  main.o(i.Error_Handler)
    FATFS_LinkDriver                         0x080002fd   Thumb Code    52  ff_gen_drv.o(i.FATFS_LinkDriver)
    HAL_Delay                                0x08000335   Thumb Code    22  stm32f4xx_hal.o(i.HAL_Delay)
    HAL_GPIO_Init                            0x0800034d   Thumb Code   400  stm32f4xx_hal_gpio.o(i.HAL_GPIO_Init)
    HAL_GPIO_TogglePin                       0x08000511   Thumb Code     8  stm32f4xx_hal_gpio.o(i.HAL_GPIO_TogglePin)
    HAL_GPIO_WritePin                        0x08000519   Thumb Code    10  stm32f4xx_hal_gpio.o(i.HAL_GPIO_WritePin)
    HAL_GetTick                              0x08000525   Thumb Code     6  stm32f4xx_hal.o(i.HAL_GetTick)
    HAL_HCD_Connect_Callback                 0x08000531   Thumb Code     8  usbh_conf.o(i.HAL_HCD_Connect_Callback)
    HAL_HCD_Disconnect_Callback              0x08000539   Thumb Code     8  usbh_conf.o(i.HAL_HCD_Disconnect_Callback)
    HAL_HCD_GetCurrentFrame                  0x08000541   Thumb Code     6  stm32f4xx_hal_hcd.o(i.HAL_HCD_GetCurrentFrame)
    HAL_HCD_GetCurrentSpeed                  0x08000547   Thumb Code     6  stm32f4xx_hal_hcd.o(i.HAL_HCD_GetCurrentSpeed)
    HAL_HCD_HC_GetURBState                   0x0800054d   Thumb Code    14  stm32f4xx_hal_hcd.o(i.HAL_HCD_HC_GetURBState)
    HAL_HCD_HC_GetXferCount                  0x0800055b   Thumb Code    12  stm32f4xx_hal_hcd.o(i.HAL_HCD_HC_GetXferCount)
    HAL_HCD_HC_Halt                          0x08000567   Thumb Code    36  stm32f4xx_hal_hcd.o(i.HAL_HCD_HC_Halt)
    HAL_HCD_HC_Init                          0x0800058b   Thumb Code    84  stm32f4xx_hal_hcd.o(i.HAL_HCD_HC_Init)
    HAL_HCD_HC_NotifyURBChange_Callback      0x080005df   Thumb Code     2  usbh_conf.o(i.HAL_HCD_HC_NotifyURBChange_Callback)
    HAL_HCD_HC_SubmitRequest                 0x080005e1   Thumb Code   182  stm32f4xx_hal_hcd.o(i.HAL_HCD_HC_SubmitRequest)
    HAL_HCD_IRQHandler                       0x08000699   Thumb Code   302  stm32f4xx_hal_hcd.o(i.HAL_HCD_IRQHandler)
    HAL_HCD_Init                             0x080007c7   Thumb Code    90  stm32f4xx_hal_hcd.o(i.HAL_HCD_Init)
    HAL_HCD_MspInit                          0x08000821   Thumb Code   140  usbh_conf.o(i.HAL_HCD_MspInit)
    HAL_HCD_ResetPort                        0x080008b9   Thumb Code     6  stm32f4xx_hal_hcd.o(i.HAL_HCD_ResetPort)
    HAL_HCD_SOF_Callback                     0x080008bf   Thumb Code     8  usbh_conf.o(i.HAL_HCD_SOF_Callback)
    HAL_HCD_Start                            0x080008c7   Thumb Code    44  stm32f4xx_hal_hcd.o(i.HAL_HCD_Start)
    HAL_HCD_Stop                             0x080008f3   Thumb Code    36  stm32f4xx_hal_hcd.o(i.HAL_HCD_Stop)
    HAL_IncTick                              0x08000919   Thumb Code    10  stm32f4xx_hal.o(i.HAL_IncTick)
    HAL_Init                                 0x08000929   Thumb Code    48  stm32f4xx_hal.o(i.HAL_Init)
    HAL_InitTick                             0x0800095d   Thumb Code    34  stm32f4xx_hal.o(i.HAL_InitTick)
    HAL_MspInit                              0x0800097f   Thumb Code    22  stm32f4xx_hal_msp.o(i.HAL_MspInit)
    HAL_NVIC_EnableIRQ                       0x08000995   Thumb Code    22  stm32f4xx_hal_cortex.o(i.HAL_NVIC_EnableIRQ)
    HAL_NVIC_SetPriority                     0x080009ad   Thumb Code    60  stm32f4xx_hal_cortex.o(i.HAL_NVIC_SetPriority)
    HAL_NVIC_SetPriorityGrouping             0x080009ed   Thumb Code    26  stm32f4xx_hal_cortex.o(i.HAL_NVIC_SetPriorityGrouping)
    HAL_RCC_ClockConfig                      0x08000a11   Thumb Code   432  stm32f4xx_hal_rcc.o(i.HAL_RCC_ClockConfig)
    HAL_RCC_GetHCLKFreq                      0x08000bc9   Thumb Code    38  stm32f4xx_hal_rcc.o(i.HAL_RCC_GetHCLKFreq)
    HAL_RCC_GetPCLK1Freq                     0x08000bfd   Thumb Code    36  stm32f4xx_hal_rcc.o(i.HAL_RCC_GetPCLK1Freq)
    HAL_RCC_GetPCLK2Freq                     0x08000c29   Thumb Code    36  stm32f4xx_hal_rcc.o(i.HAL_RCC_GetPCLK2Freq)
    HAL_RCC_GetSysClockFreq                  0x08000c55   Thumb Code   120  stm32f4xx_hal_rcc.o(i.HAL_RCC_GetSysClockFreq)
    HAL_RCC_OscConfig                        0x08000cd5   Thumb Code   802  stm32f4xx_hal_rcc.o(i.HAL_RCC_OscConfig)
    HAL_SYSTICK_Config                       0x0800100d   Thumb Code    40  stm32f4xx_hal_cortex.o(i.HAL_SYSTICK_Config)
    HAL_UART_ErrorCallback                   0x08001035   Thumb Code     2  stm32f4xx_hal_uart.o(i.HAL_UART_ErrorCallback)
    HAL_UART_IRQHandler                      0x08001037   Thumb Code   202  stm32f4xx_hal_uart.o(i.HAL_UART_IRQHandler)
    HAL_UART_Init                            0x08001101   Thumb Code    92  stm32f4xx_hal_uart.o(i.HAL_UART_Init)
    HAL_UART_MspInit                         0x0800115d   Thumb Code    78  stm32f4xx_hal_msp.o(i.HAL_UART_MspInit)
    HAL_UART_Receive_IT                      0x080011bd   Thumb Code   106  stm32f4xx_hal_uart.o(i.HAL_UART_Receive_IT)
    HAL_UART_RxCpltCallback                  0x08001227   Thumb Code     2  stm32f4xx_hal_uart.o(i.HAL_UART_RxCpltCallback)
    HAL_UART_TxCpltCallback                  0x08001229   Thumb Code     2  stm32f4xx_hal_uart.o(i.HAL_UART_TxCpltCallback)
    HardFault_Handler                        0x080017c9   Thumb Code     2  stm32f4xx_it.o(i.HardFault_Handler)
    MX_UART5_IRQ_Init                        0x080017cd   Thumb Code    14  main.o(i.MX_UART5_IRQ_Init)
    MemManage_Handler                        0x080017e1   Thumb Code     2  stm32f4xx_it.o(i.MemManage_Handler)
    NMI_Handler                              0x080017e3   Thumb Code     2  stm32f4xx_it.o(i.NMI_Handler)
    OTG_HS_IRQHandler                        0x08001805   Thumb Code     6  stm32f4xx_it.o(i.OTG_HS_IRQHandler)
    PendSV_Handler                           0x08001811   Thumb Code     2  stm32f4xx_it.o(i.PendSV_Handler)
    SVC_Handler                              0x08001813   Thumb Code     2  stm32f4xx_it.o(i.SVC_Handler)
    SysTick_Handler                          0x08001815   Thumb Code     4  stm32f4xx_it.o(i.SysTick_Handler)
    SystemInit                               0x08001819   Thumb Code    66  system_stm32f4xx.o(i.SystemInit)
    UART5_IRQHandler                         0x0800186d   Thumb Code    42  stm32f4xx_it.o(i.UART5_IRQHandler)
    USBH_AllocPipe                           0x08001bf5   Thumb Code    52  usbh_pipes.o(i.USBH_AllocPipe)
    USBH_BulkReceiveData                     0x08001c29   Thumb Code    32  usbh_ioreq.o(i.USBH_BulkReceiveData)
    USBH_BulkSendData                        0x08001c49   Thumb Code    40  usbh_ioreq.o(i.USBH_BulkSendData)
    USBH_ClosePipe                           0x08001c71   Thumb Code    10  usbh_pipes.o(i.USBH_ClosePipe)
    USBH_ClrFeature                          0x08001c7b   Thumb Code    30  usbh_ctlreq.o(i.USBH_ClrFeature)
    USBH_CtlReceiveData                      0x08001c99   Thumb Code    30  usbh_ioreq.o(i.USBH_CtlReceiveData)
    USBH_CtlReq                              0x08001cb7   Thumb Code    54  usbh_ctlreq.o(i.USBH_CtlReq)
    USBH_CtlSendData                         0x08001ced   Thumb Code    40  usbh_ioreq.o(i.USBH_CtlSendData)
    USBH_CtlSendSetup                        0x08001d15   Thumb Code    30  usbh_ioreq.o(i.USBH_CtlSendSetup)
    USBH_Delay                               0x08001d33   Thumb Code     4  usbh_conf.o(i.USBH_Delay)
    USBH_FindInterface                       0x08001d37   Thumb Code    68  usbh_core.o(i.USBH_FindInterface)
    USBH_FreePipe                            0x08001d7b   Thumb Code    24  usbh_pipes.o(i.USBH_FreePipe)
    USBH_GetDescriptor                       0x08001d93   Thumb Code    52  usbh_ctlreq.o(i.USBH_GetDescriptor)
    USBH_GetNextDesc                         0x08001dc7   Thumb Code    14  usbh_ctlreq.o(i.USBH_GetNextDesc)
    USBH_Get_CfgDesc                         0x08001dd5   Thumb Code    44  usbh_ctlreq.o(i.USBH_Get_CfgDesc)
    USBH_Get_DevDesc                         0x08001e01   Thumb Code   128  usbh_ctlreq.o(i.USBH_Get_DevDesc)
    USBH_Get_StringDesc                      0x08001e81   Thumb Code    72  usbh_ctlreq.o(i.USBH_Get_StringDesc)
    USBH_Init                                0x08002139   Thumb Code    48  usbh_core.o(i.USBH_Init)
    USBH_LL_ClosePipe                        0x08002169   Thumb Code    14  usbh_conf.o(i.USBH_LL_ClosePipe)
    USBH_LL_Connect                          0x08002177   Thumb Code    44  usbh_core.o(i.USBH_LL_Connect)
    USBH_LL_Disconnect                       0x080021a3   Thumb Code    56  usbh_core.o(i.USBH_LL_Disconnect)
    USBH_LL_DriverVBUS                       0x080021dd   Thumb Code    28  usbh_conf.o(i.USBH_LL_DriverVBUS)
    USBH_LL_GetLastXferSize                  0x080021fd   Thumb Code     8  usbh_conf.o(i.USBH_LL_GetLastXferSize)
    USBH_LL_GetSpeed                         0x08002205   Thumb Code    32  usbh_conf.o(i.USBH_LL_GetSpeed)
    USBH_LL_GetToggle                        0x08002225   Thumb Code    28  usbh_conf.o(i.USBH_LL_GetToggle)
    USBH_LL_GetURBState                      0x08002245   Thumb Code     8  usbh_conf.o(i.USBH_LL_GetURBState)
    USBH_LL_IncTimer                         0x0800224d   Thumb Code    30  usbh_core.o(i.USBH_LL_IncTimer)
    USBH_LL_Init                             0x0800226d   Thumb Code    70  usbh_conf.o(i.USBH_LL_Init)
    USBH_LL_OpenPipe                         0x080022bd   Thumb Code    24  usbh_conf.o(i.USBH_LL_OpenPipe)
    USBH_LL_ResetPort                        0x080022d5   Thumb Code    14  usbh_conf.o(i.USBH_LL_ResetPort)
    USBH_LL_SetTimer                         0x080022e3   Thumb Code     6  usbh_core.o(i.USBH_LL_SetTimer)
    USBH_LL_SetToggle                        0x080022e9   Thumb Code    30  usbh_conf.o(i.USBH_LL_SetToggle)
    USBH_LL_Start                            0x0800230d   Thumb Code    14  usbh_conf.o(i.USBH_LL_Start)
    USBH_LL_Stop                             0x0800231b   Thumb Code    14  usbh_conf.o(i.USBH_LL_Stop)
    USBH_LL_SubmitURB                        0x08002329   Thumb Code    32  usbh_conf.o(i.USBH_LL_SubmitURB)
    USBH_MSC_BOT_Init                        0x08002369   Thumb Code    26  usbh_msc_bot.o(i.USBH_MSC_BOT_Init)
    USBH_MSC_BOT_Process                     0x0800238d   Thumb Code   470  usbh_msc_bot.o(i.USBH_MSC_BOT_Process)
    USBH_MSC_BOT_REQ_GetMaxLUN               0x08002569   Thumb Code    22  usbh_msc_bot.o(i.USBH_MSC_BOT_REQ_GetMaxLUN)
    USBH_MSC_BOT_REQ_Reset                   0x0800257f   Thumb Code    22  usbh_msc_bot.o(i.USBH_MSC_BOT_REQ_Reset)
    USBH_MSC_GetLUNInfo                      0x080025f7   Thumb Code    46  usbh_msc.o(i.USBH_MSC_GetLUNInfo)
    USBH_MSC_Read                            0x08002adb   Thumb Code   136  usbh_msc.o(i.USBH_MSC_Read)
    USBH_MSC_SCSI_Inquiry                    0x08002b63   Thumb Code   192  usbh_msc_scsi.o(i.USBH_MSC_SCSI_Inquiry)
    USBH_MSC_SCSI_Read                       0x08002c23   Thumb Code   124  usbh_msc_scsi.o(i.USBH_MSC_SCSI_Read)
    USBH_MSC_SCSI_ReadCapacity               0x08002c9f   Thumb Code   122  usbh_msc_scsi.o(i.USBH_MSC_SCSI_ReadCapacity)
    USBH_MSC_SCSI_RequestSense               0x08002d19   Thumb Code   146  usbh_msc_scsi.o(i.USBH_MSC_SCSI_RequestSense)
    USBH_MSC_SCSI_TestUnitReady              0x08002dab   Thumb Code    76  usbh_msc_scsi.o(i.USBH_MSC_SCSI_TestUnitReady)
    USBH_MSC_SCSI_Write                      0x08002df7   Thumb Code   124  usbh_msc_scsi.o(i.USBH_MSC_SCSI_Write)
    USBH_MSC_UnitIsReady                     0x08002e77   Thumb Code    38  usbh_msc.o(i.USBH_MSC_UnitIsReady)
    USBH_MSC_Write                           0x08002e9d   Thumb Code   136  usbh_msc.o(i.USBH_MSC_Write)
    USBH_OpenPipe                            0x08002f25   Thumb Code    20  usbh_pipes.o(i.USBH_OpenPipe)
    USBH_Process                             0x08003021   Thumb Code   360  usbh_core.o(i.USBH_Process)
    USBH_RegisterClass                       0x08003189   Thumb Code    28  usbh_core.o(i.USBH_RegisterClass)
    USBH_SelectInterface                     0x080031a5   Thumb Code    22  usbh_core.o(i.USBH_SelectInterface)
    USBH_SetAddress                          0x080031bb   Thumb Code    28  usbh_ctlreq.o(i.USBH_SetAddress)
    USBH_SetCfg                              0x080031d7   Thumb Code    28  usbh_ctlreq.o(i.USBH_SetCfg)
    USBH_Start                               0x080031f3   Thumb Code    20  usbh_core.o(i.USBH_Start)
    USBH_initialize                          0x08003235   Thumb Code     4  usbh_diskio.o(i.USBH_initialize)
    USBH_ioctl                               0x08003239   Thumb Code    74  usbh_diskio.o(i.USBH_ioctl)
    USBH_read                                0x08003289   Thumb Code   120  usbh_diskio.o(i.USBH_read)
    USBH_status                              0x08003305   Thumb Code    20  usbh_diskio.o(i.USBH_status)
    USBH_write                               0x0800331d   Thumb Code   130  usbh_diskio.o(i.USBH_write)
    USB_CoreInit                             0x080033a5   Thumb Code   104  stm32f4xx_ll_usb.o(i.USB_CoreInit)
    USB_DisableGlobalInt                     0x08003449   Thumb Code    12  stm32f4xx_ll_usb.o(i.USB_DisableGlobalInt)
    USB_DoPing                               0x08003455   Thumb Code    78  stm32f4xx_ll_usb.o(i.USB_DoPing)
    USB_DriveVbus                            0x080034a9   Thumb Code    44  stm32f4xx_ll_usb.o(i.USB_DriveVbus)
    USB_EnableGlobalInt                      0x080034d5   Thumb Code    12  stm32f4xx_ll_usb.o(i.USB_EnableGlobalInt)
    USB_FlushRxFifo                          0x080034e1   Thumb Code    28  stm32f4xx_ll_usb.o(i.USB_FlushRxFifo)
    USB_FlushTxFifo                          0x08003501   Thumb Code    32  stm32f4xx_ll_usb.o(i.USB_FlushTxFifo)
    USB_GetCurrentFrame                      0x08003525   Thumb Code     8  stm32f4xx_ll_usb.o(i.USB_GetCurrentFrame)
    USB_GetHostSpeed                         0x0800352d   Thumb Code    14  stm32f4xx_ll_usb.o(i.USB_GetHostSpeed)
    USB_GetMode                              0x0800353b   Thumb Code     8  stm32f4xx_ll_usb.o(i.USB_GetMode)
    USB_HC_Halt                              0x08003543   Thumb Code   376  stm32f4xx_ll_usb.o(i.USB_HC_Halt)
    USB_HC_Init                              0x080036bd   Thumb Code   234  stm32f4xx_ll_usb.o(i.USB_HC_Init)
    USB_HC_ReadInterrupt                     0x080037a7   Thumb Code    12  stm32f4xx_ll_usb.o(i.USB_HC_ReadInterrupt)
    USB_HC_StartXfer                         0x080037b5   Thumb Code   396  stm32f4xx_ll_usb.o(i.USB_HC_StartXfer)
    USB_HostInit                             0x08003945   Thumb Code   192  stm32f4xx_ll_usb.o(i.USB_HostInit)
    USB_InitFSLSPClkSel                      0x08003a19   Thumb Code    54  stm32f4xx_ll_usb.o(i.USB_InitFSLSPClkSel)
    USB_ReadInterrupts                       0x08003a4f   Thumb Code     8  stm32f4xx_ll_usb.o(i.USB_ReadInterrupts)
    USB_ReadPacket                           0x08003a57   Thumb Code    32  stm32f4xx_ll_usb.o(i.USB_ReadPacket)
    USB_ResetPort                            0x08003a77   Thumb Code    44  stm32f4xx_ll_usb.o(i.USB_ResetPort)
    USB_SetCurrentMode                       0x08003aa3   Thumb Code    44  stm32f4xx_ll_usb.o(i.USB_SetCurrentMode)
    USB_StopHost                             0x08003acf   Thumb Code   178  stm32f4xx_ll_usb.o(i.USB_StopHost)
    USB_WritePacket                          0x08003b81   Thumb Code    40  stm32f4xx_ll_usb.o(i.USB_WritePacket)
    UsageFault_Handler                       0x08003ba9   Thumb Code     2  stm32f4xx_it.o(i.UsageFault_Handler)
    __scatterload_copy                       0x08003bab   Thumb Code    14  handlers.o(i.__scatterload_copy)
    __scatterload_null                       0x08003bb9   Thumb Code     2  handlers.o(i.__scatterload_null)
    __scatterload_zeroinit                   0x08003bbb   Thumb Code    14  handlers.o(i.__scatterload_zeroinit)
    clust2sect                               0x08003ce3   Thumb Code    30  ff.o(i.clust2sect)
    disk_initialize                          0x0800411d   Thumb Code    30  diskio.o(i.disk_initialize)
    disk_ioctl                               0x08004141   Thumb Code    22  diskio.o(i.disk_ioctl)
    disk_read                                0x0800415d   Thumb Code    28  diskio.o(i.disk_read)
    disk_status                              0x0800417d   Thumb Code    12  diskio.o(i.disk_status)
    disk_write                               0x0800418d   Thumb Code    28  diskio.o(i.disk_write)
    f_close                                  0x080041ad   Thumb Code    42  ff.o(i.f_close)
    f_lseek                                  0x080041d9   Thumb Code   644  ff.o(i.f_lseek)
    f_mount                                  0x0800445d   Thumb Code    88  ff.o(i.f_mount)
    f_open                                   0x080044b9   Thumb Code   412  ff.o(i.f_open)
    f_printf                                 0x08004659   Thumb Code   490  ff.o(i.f_printf)
    f_sync                                   0x08004843   Thumb Code   184  ff.o(i.f_sync)
    f_write                                  0x080048fb   Thumb Code   472  ff.o(i.f_write)
    free                                     0x08004ded   Thumb Code    76  malloc.o(i.free)
    get_fat                                  0x08004e3d   Thumb Code   186  ff.o(i.get_fat)
    get_fattime                              0x08004ef7   Thumb Code     4  diskio.o(i.get_fattime)
    main                                     0x08004fdd   Thumb Code   272  main.o(i.main)
    malloc                                   0x08005115   Thumb Code    92  malloc.o(i.malloc)
    open_n_log                               0x080051d5   Thumb Code    86  stm32f4xx_it.o(i.open_n_log)
    put_fat                                  0x08005251   Thumb Code   254  ff.o(i.put_fat)
    BUTTON_IRQn                              0x08005552   Data           1  stm32f429i_discovery.o(.constdata)
    BUTTON_PIN                               0x08005554   Data           2  stm32f429i_discovery.o(.constdata)
    GPIO_PIN                                 0x08005556   Data           4  stm32f429i_discovery.o(.constdata)
    APBAHBPrescTable                         0x0800555a   Data          16  stm32f4xx_hal_rcc.o(.constdata)
    Region$$Table$$Base                      0x0800561c   Number         0  anon$$obj.o(Region$$Table)
    Region$$Table$$Limit                     0x0800563c   Number         0  anon$$obj.o(Region$$Table)
    i                                        0x20000000   Data           4  main.o(.data)
    Appli_state                              0x20000004   Data           1  main.o(.data)
    USBDISKPath                              0x20000005   Data           4  main.o(.data)
    status                                   0x20000009   Data           1  main.o(.data)
    BUTTON_PORT                              0x20000010   Data           4  stm32f429i_discovery.o(.data)
    I2cxTimeout                              0x20000014   Data           4  stm32f429i_discovery.o(.data)
    SpixTimeout                              0x20000018   Data           4  stm32f429i_discovery.o(.data)
    GPIO_PORT                                0x2000001c   Data           8  stm32f429i_discovery.o(.data)
    SystemCoreClock                          0x20000024   Data           4  system_stm32f4xx.o(.data)
    AHBPrescTable                            0x20000028   Data          16  system_stm32f4xx.o(.data)
    USBH_Driver                              0x20000044   Data          20  usbh_diskio.o(.data)
    USBH_msc                                 0x20000058   Data          32  usbh_msc.o(.data)
    __microlib_freelist                      0x20000078   Data           4  mvars.o(.data)
    __microlib_freelist_initialised          0x2000007c   Data           4  mvars.o(.data)
    huart5                                   0x20000080   Data          60  main.o(.bss)
    USBDISKFatFs                             0x200000bc   Data         560  main.o(.bss)
    hUSB_Host                                0x200002ec   Data         712  main.o(.bss)
    log_file                                 0x200005b4   Data         556  main.o(.bss)
    hhcd                                     0x200007e0   Data         656  usbh_conf.o(.bss)
    disk                                     0x20000a88   Data          12  ff_gen_drv.o(.bss)
    __heap_base                              0x20000a98   Data           0  startup_stm32f429xx.o(HEAP)
    __heap_limit                             0x20000e98   Data           0  startup_stm32f429xx.o(HEAP)
    __initial_sp                             0x20001698   Data           0  startup_stm32f429xx.o(STACK)



==============================================================================

Memory Map of the image

  Image Entry point : 0x080001ad

  Load Region LR_IROM1 (Base: 0x08000000, Size: 0x000056bc, Max: 0x00200000, ABSOLUTE)

    Execution Region ER_IROM1 (Base: 0x08000000, Size: 0x0000563c, Max: 0x00200000, ABSOLUTE)

    Base Addr    Size         Type   Attr      Idx    E Section Name        Object

    0x08000000   0x000001ac   Data   RO            3    RESET               startup_stm32f429xx.o
    0x080001ac   0x00000000   Code   RO         3954  * .ARM.Collect$$$$00000000  mc_w.l(entry.o)
    0x080001ac   0x00000004   Code   RO         3991    .ARM.Collect$$$$00000001  mc_w.l(entry2.o)
    0x080001b0   0x00000004   Code   RO         3994    .ARM.Collect$$$$00000004  mc_w.l(entry5.o)
    0x080001b4   0x00000000   Code   RO         3996    .ARM.Collect$$$$00000008  mc_w.l(entry7b.o)
    0x080001b4   0x00000000   Code   RO         3998    .ARM.Collect$$$$0000000A  mc_w.l(entry8b.o)
    0x080001b4   0x00000008   Code   RO         3999    .ARM.Collect$$$$0000000B  mc_w.l(entry9a.o)
    0x080001bc   0x00000000   Code   RO         4001    .ARM.Collect$$$$0000000D  mc_w.l(entry10a.o)
    0x080001bc   0x00000000   Code   RO         4003    .ARM.Collect$$$$0000000F  mc_w.l(entry11a.o)
    0x080001bc   0x00000004   Code   RO         3992    .ARM.Collect$$$$00002712  mc_w.l(entry2.o)
    0x080001c0   0x00000024   Code   RO            4    .text               startup_stm32f429xx.o
    0x080001e4   0x00000024   Code   RO         3957    .text               mc_w.l(memcpya.o)
    0x08000208   0x00000024   Code   RO         3959    .text               mc_w.l(memseta.o)
    0x0800022c   0x00000024   Code   RO         4007    .text               mc_w.l(init.o)
    0x08000250   0x0000004c   Code   RO          504    i.BSP_LED_Init      stm32f429i_discovery.o
    0x0800029c   0x00000002   Code   RO          226    i.BusFault_Handler  stm32f4xx_it.o
    0x0800029e   0x00000002   PAD
    0x080002a0   0x00000046   Code   RO         3840    i.DeInitStateMachine  usbh_core.o
    0x080002e6   0x00000002   Code   RO          227    i.DebugMon_Handler  stm32f4xx_it.o
    0x080002e8   0x00000014   Code   RO           13    i.Error_Handler     main.o
    0x080002fc   0x00000038   Code   RO         3322    i.FATFS_LinkDriver  ff_gen_drv.o
    0x08000334   0x00000016   Code   RO          730    i.HAL_Delay         stm32f4xx_hal.o
    0x0800034a   0x00000002   PAD
    0x0800034c   0x000001c4   Code   RO         1337    i.HAL_GPIO_Init     stm32f4xx_hal_gpio.o
    0x08000510   0x00000008   Code   RO         1340    i.HAL_GPIO_TogglePin  stm32f4xx_hal_gpio.o
    0x08000518   0x0000000a   Code   RO         1341    i.HAL_GPIO_WritePin  stm32f4xx_hal_gpio.o
    0x08000522   0x00000002   PAD
    0x08000524   0x0000000c   Code   RO          744    i.HAL_GetTick       stm32f4xx_hal.o
    0x08000530   0x00000008   Code   RO          320    i.HAL_HCD_Connect_Callback  usbh_conf.o
    0x08000538   0x00000008   Code   RO          321    i.HAL_HCD_Disconnect_Callback  usbh_conf.o
    0x08000540   0x00000006   Code   RO         1403    i.HAL_HCD_GetCurrentFrame  stm32f4xx_hal_hcd.o
    0x08000546   0x00000006   Code   RO         1404    i.HAL_HCD_GetCurrentSpeed  stm32f4xx_hal_hcd.o
    0x0800054c   0x0000000e   Code   RO         1407    i.HAL_HCD_HC_GetURBState  stm32f4xx_hal_hcd.o
    0x0800055a   0x0000000c   Code   RO         1408    i.HAL_HCD_HC_GetXferCount  stm32f4xx_hal_hcd.o
    0x08000566   0x00000024   Code   RO         1409    i.HAL_HCD_HC_Halt   stm32f4xx_hal_hcd.o
    0x0800058a   0x00000054   Code   RO         1410    i.HAL_HCD_HC_Init   stm32f4xx_hal_hcd.o
    0x080005de   0x00000002   Code   RO          322    i.HAL_HCD_HC_NotifyURBChange_Callback  usbh_conf.o
    0x080005e0   0x000000b6   Code   RO         1412    i.HAL_HCD_HC_SubmitRequest  stm32f4xx_hal_hcd.o
    0x08000696   0x00000002   PAD
    0x08000698   0x0000012e   Code   RO         1413    i.HAL_HCD_IRQHandler  stm32f4xx_hal_hcd.o
    0x080007c6   0x0000005a   Code   RO         1414    i.HAL_HCD_Init      stm32f4xx_hal_hcd.o
    0x08000820   0x00000098   Code   RO          324    i.HAL_HCD_MspInit   usbh_conf.o
    0x080008b8   0x00000006   Code   RO         1417    i.HAL_HCD_ResetPort  stm32f4xx_hal_hcd.o
    0x080008be   0x00000008   Code   RO          325    i.HAL_HCD_SOF_Callback  usbh_conf.o
    0x080008c6   0x0000002c   Code   RO         1419    i.HAL_HCD_Start     stm32f4xx_hal_hcd.o
    0x080008f2   0x00000024   Code   RO         1420    i.HAL_HCD_Stop      stm32f4xx_hal_hcd.o
    0x08000916   0x00000002   PAD
    0x08000918   0x00000010   Code   RO          745    i.HAL_IncTick       stm32f4xx_hal.o
    0x08000928   0x00000034   Code   RO          746    i.HAL_Init          stm32f4xx_hal.o
    0x0800095c   0x00000022   Code   RO          747    i.HAL_InitTick      stm32f4xx_hal.o
    0x0800097e   0x00000016   Code   RO          467    i.HAL_MspInit       stm32f4xx_hal_msp.o
    0x08000994   0x00000016   Code   RO          889    i.HAL_NVIC_EnableIRQ  stm32f4xx_hal_cortex.o
    0x080009aa   0x00000002   PAD
    0x080009ac   0x00000040   Code   RO          895    i.HAL_NVIC_SetPriority  stm32f4xx_hal_cortex.o
    0x080009ec   0x00000024   Code   RO          896    i.HAL_NVIC_SetPriorityGrouping  stm32f4xx_hal_cortex.o
    0x08000a10   0x000001b8   Code   RO         2053    i.HAL_RCC_ClockConfig  stm32f4xx_hal_rcc.o
    0x08000bc8   0x00000034   Code   RO         2058    i.HAL_RCC_GetHCLKFreq  stm32f4xx_hal_rcc.o
    0x08000bfc   0x0000002c   Code   RO         2060    i.HAL_RCC_GetPCLK1Freq  stm32f4xx_hal_rcc.o
    0x08000c28   0x0000002c   Code   RO         2061    i.HAL_RCC_GetPCLK2Freq  stm32f4xx_hal_rcc.o
    0x08000c54   0x00000080   Code   RO         2062    i.HAL_RCC_GetSysClockFreq  stm32f4xx_hal_rcc.o
    0x08000cd4   0x00000338   Code   RO         2065    i.HAL_RCC_OscConfig  stm32f4xx_hal_rcc.o
    0x0800100c   0x00000028   Code   RO          900    i.HAL_SYSTICK_Config  stm32f4xx_hal_cortex.o
    0x08001034   0x00000002   Code   RO         2721    i.HAL_UART_ErrorCallback  stm32f4xx_hal_uart.o
    0x08001036   0x000000ca   Code   RO         2724    i.HAL_UART_IRQHandler  stm32f4xx_hal_uart.o
    0x08001100   0x0000005c   Code   RO         2725    i.HAL_UART_Init     stm32f4xx_hal_uart.o
    0x0800115c   0x00000060   Code   RO          469    i.HAL_UART_MspInit  stm32f4xx_hal_msp.o
    0x080011bc   0x0000006a   Code   RO         2730    i.HAL_UART_Receive_IT  stm32f4xx_hal_uart.o
    0x08001226   0x00000002   Code   RO         2731    i.HAL_UART_RxCpltCallback  stm32f4xx_hal_uart.o
    0x08001228   0x00000002   Code   RO         2736    i.HAL_UART_TxCpltCallback  stm32f4xx_hal_uart.o
    0x0800122a   0x00000242   Code   RO         1421    i.HCD_HC_IN_IRQHandler  stm32f4xx_hal_hcd.o
    0x0800146c   0x00000234   Code   RO         1422    i.HCD_HC_OUT_IRQHandler  stm32f4xx_hal_hcd.o
    0x080016a0   0x000000b0   Code   RO         1423    i.HCD_Port_IRQHandler  stm32f4xx_hal_hcd.o
    0x08001750   0x00000078   Code   RO         1424    i.HCD_RXQLVL_IRQHandler  stm32f4xx_hal_hcd.o
    0x080017c8   0x00000002   Code   RO          228    i.HardFault_Handler  stm32f4xx_it.o
    0x080017ca   0x00000002   PAD
    0x080017cc   0x00000014   Code   RO           14    i.MX_UART5_IRQ_Init  main.o
    0x080017e0   0x00000002   Code   RO          229    i.MemManage_Handler  stm32f4xx_it.o
    0x080017e2   0x00000002   Code   RO          230    i.NMI_Handler       stm32f4xx_it.o
    0x080017e4   0x00000020   Code   RO          902    i.NVIC_SetPriority  stm32f4xx_hal_cortex.o
    0x08001804   0x0000000c   Code   RO          231    i.OTG_HS_IRQHandler  stm32f4xx_it.o
    0x08001810   0x00000002   Code   RO          232    i.PendSV_Handler    stm32f4xx_it.o
    0x08001812   0x00000002   Code   RO          233    i.SVC_Handler       stm32f4xx_it.o
    0x08001814   0x00000004   Code   RO          234    i.SysTick_Handler   stm32f4xx_it.o
    0x08001818   0x00000054   Code   RO          694    i.SystemInit        system_stm32f4xx.o
    0x0800186c   0x00000034   Code   RO          235    i.UART5_IRQHandler  stm32f4xx_it.o
    0x080018a0   0x000000a8   Code   RO         2743    i.UART_Receive_IT   stm32f4xx_hal_uart.o
    0x08001948   0x00000178   Code   RO         2744    i.UART_SetConfig    stm32f4xx_hal_uart.o
    0x08001ac0   0x000000a2   Code   RO         2745    i.UART_Transmit_IT  stm32f4xx_hal_uart.o
    0x08001b62   0x00000092   Code   RO         2746    i.UART_WaitOnFlagUntilTimeout  stm32f4xx_hal_uart.o
    0x08001bf4   0x00000034   Code   RO         3798    i.USBH_AllocPipe    usbh_pipes.o
    0x08001c28   0x00000020   Code   RO         3726    i.USBH_BulkReceiveData  usbh_ioreq.o
    0x08001c48   0x00000028   Code   RO         3727    i.USBH_BulkSendData  usbh_ioreq.o
    0x08001c70   0x0000000a   Code   RO         3799    i.USBH_ClosePipe    usbh_pipes.o
    0x08001c7a   0x0000001e   Code   RO         3638    i.USBH_ClrFeature   usbh_ctlreq.o
    0x08001c98   0x0000001e   Code   RO         3728    i.USBH_CtlReceiveData  usbh_ioreq.o
    0x08001cb6   0x00000036   Code   RO         3639    i.USBH_CtlReq       usbh_ctlreq.o
    0x08001cec   0x00000028   Code   RO         3729    i.USBH_CtlSendData  usbh_ioreq.o
    0x08001d14   0x0000001e   Code   RO         3730    i.USBH_CtlSendSetup  usbh_ioreq.o
    0x08001d32   0x00000004   Code   RO          326    i.USBH_Delay        usbh_conf.o
    0x08001d36   0x00000044   Code   RO         3842    i.USBH_FindInterface  usbh_core.o
    0x08001d7a   0x00000018   Code   RO         3800    i.USBH_FreePipe     usbh_pipes.o
    0x08001d92   0x00000034   Code   RO         3640    i.USBH_GetDescriptor  usbh_ctlreq.o
    0x08001dc6   0x0000000e   Code   RO         3641    i.USBH_GetNextDesc  usbh_ctlreq.o
    0x08001dd4   0x0000002c   Code   RO         3642    i.USBH_Get_CfgDesc  usbh_ctlreq.o
    0x08001e00   0x00000080   Code   RO         3643    i.USBH_Get_DevDesc  usbh_ctlreq.o
    0x08001e80   0x00000048   Code   RO         3644    i.USBH_Get_StringDesc  usbh_ctlreq.o
    0x08001ec8   0x0000017e   Code   RO         3645    i.USBH_HandleControl  usbh_ctlreq.o
    0x08002046   0x000000f2   Code   RO         3845    i.USBH_HandleEnum   usbh_core.o
    0x08002138   0x00000030   Code   RO         3846    i.USBH_Init         usbh_core.o
    0x08002168   0x0000000e   Code   RO          327    i.USBH_LL_ClosePipe  usbh_conf.o
    0x08002176   0x0000002c   Code   RO         3847    i.USBH_LL_Connect   usbh_core.o
    0x080021a2   0x00000038   Code   RO         3848    i.USBH_LL_Disconnect  usbh_core.o
    0x080021da   0x00000002   PAD
    0x080021dc   0x00000020   Code   RO          329    i.USBH_LL_DriverVBUS  usbh_conf.o
    0x080021fc   0x00000008   Code   RO          330    i.USBH_LL_GetLastXferSize  usbh_conf.o
    0x08002204   0x00000020   Code   RO          331    i.USBH_LL_GetSpeed  usbh_conf.o
    0x08002224   0x00000020   Code   RO          332    i.USBH_LL_GetToggle  usbh_conf.o
    0x08002244   0x00000008   Code   RO          333    i.USBH_LL_GetURBState  usbh_conf.o
    0x0800224c   0x0000001e   Code   RO         3849    i.USBH_LL_IncTimer  usbh_core.o
    0x0800226a   0x00000002   PAD
    0x0800226c   0x00000050   Code   RO          334    i.USBH_LL_Init      usbh_conf.o
    0x080022bc   0x00000018   Code   RO          335    i.USBH_LL_OpenPipe  usbh_conf.o
    0x080022d4   0x0000000e   Code   RO          336    i.USBH_LL_ResetPort  usbh_conf.o
    0x080022e2   0x00000006   Code   RO         3850    i.USBH_LL_SetTimer  usbh_core.o
    0x080022e8   0x00000024   Code   RO          337    i.USBH_LL_SetToggle  usbh_conf.o
    0x0800230c   0x0000000e   Code   RO          338    i.USBH_LL_Start     usbh_conf.o
    0x0800231a   0x0000000e   Code   RO          339    i.USBH_LL_Stop      usbh_conf.o
    0x08002328   0x00000020   Code   RO          340    i.USBH_LL_SubmitURB  usbh_conf.o
    0x08002348   0x0000001e   Code   RO         3537    i.USBH_MSC_BOT_Abort  usbh_msc_bot.o
    0x08002366   0x00000002   PAD
    0x08002368   0x00000024   Code   RO         3538    i.USBH_MSC_BOT_Init  usbh_msc_bot.o
    0x0800238c   0x000001dc   Code   RO         3539    i.USBH_MSC_BOT_Process  usbh_msc_bot.o
    0x08002568   0x00000016   Code   RO         3540    i.USBH_MSC_BOT_REQ_GetMaxLUN  usbh_msc_bot.o
    0x0800257e   0x00000016   Code   RO         3541    i.USBH_MSC_BOT_REQ_Reset  usbh_msc_bot.o
    0x08002594   0x00000062   Code   RO         3446    i.USBH_MSC_ClassRequest  usbh_msc.o
    0x080025f6   0x0000002e   Code   RO         3447    i.USBH_MSC_GetLUNInfo  usbh_msc.o
    0x08002624   0x0000004a   Code   RO         3449    i.USBH_MSC_InterfaceDeInit  usbh_msc.o
    0x0800266e   0x0000014c   Code   RO         3450    i.USBH_MSC_InterfaceInit  usbh_msc.o
    0x080027ba   0x00000290   Code   RO         3452    i.USBH_MSC_Process  usbh_msc.o
    0x08002a4a   0x00000002   PAD
    0x08002a4c   0x0000008e   Code   RO         3453    i.USBH_MSC_RdWrProcess  usbh_msc.o
    0x08002ada   0x00000088   Code   RO         3454    i.USBH_MSC_Read     usbh_msc.o
    0x08002b62   0x000000c0   Code   RO         3584    i.USBH_MSC_SCSI_Inquiry  usbh_msc_scsi.o
    0x08002c22   0x0000007c   Code   RO         3585    i.USBH_MSC_SCSI_Read  usbh_msc_scsi.o
    0x08002c9e   0x0000007a   Code   RO         3586    i.USBH_MSC_SCSI_ReadCapacity  usbh_msc_scsi.o
    0x08002d18   0x00000092   Code   RO         3587    i.USBH_MSC_SCSI_RequestSense  usbh_msc_scsi.o
    0x08002daa   0x0000004c   Code   RO         3588    i.USBH_MSC_SCSI_TestUnitReady  usbh_msc_scsi.o
    0x08002df6   0x0000007c   Code   RO         3589    i.USBH_MSC_SCSI_Write  usbh_msc_scsi.o
    0x08002e72   0x00000004   Code   RO         3455    i.USBH_MSC_SOFProcess  usbh_msc.o
    0x08002e76   0x00000026   Code   RO         3456    i.USBH_MSC_UnitIsReady  usbh_msc.o
    0x08002e9c   0x00000088   Code   RO         3457    i.USBH_MSC_Write    usbh_msc.o
    0x08002f24   0x00000014   Code   RO         3801    i.USBH_OpenPipe     usbh_pipes.o
    0x08002f38   0x000000e8   Code   RO         3646    i.USBH_ParseCfgDesc  usbh_ctlreq.o
    0x08003020   0x00000168   Code   RO         3851    i.USBH_Process      usbh_core.o
    0x08003188   0x0000001c   Code   RO         3853    i.USBH_RegisterClass  usbh_core.o
    0x080031a4   0x00000016   Code   RO         3854    i.USBH_SelectInterface  usbh_core.o
    0x080031ba   0x0000001c   Code   RO         3647    i.USBH_SetAddress   usbh_ctlreq.o
    0x080031d6   0x0000001c   Code   RO         3648    i.USBH_SetCfg       usbh_ctlreq.o
    0x080031f2   0x00000014   Code   RO         3855    i.USBH_Start        usbh_core.o
    0x08003206   0x00000002   PAD
    0x08003208   0x0000002c   Code   RO           15    i.USBH_UserProcess  main.o
    0x08003234   0x00000004   Code   RO         3360    i.USBH_initialize   usbh_diskio.o
    0x08003238   0x00000050   Code   RO         3361    i.USBH_ioctl        usbh_diskio.o
    0x08003288   0x0000007c   Code   RO         3362    i.USBH_read         usbh_diskio.o
    0x08003304   0x00000018   Code   RO         3363    i.USBH_status       usbh_diskio.o
    0x0800331c   0x00000088   Code   RO         3364    i.USBH_write        usbh_diskio.o
    0x080033a4   0x0000006c   Code   RO         2430    i.USB_CoreInit      stm32f4xx_ll_usb.o
    0x08003410   0x00000038   Code   RO         2431    i.USB_CoreReset     stm32f4xx_ll_usb.o
    0x08003448   0x0000000c   Code   RO         2437    i.USB_DisableGlobalInt  stm32f4xx_ll_usb.o
    0x08003454   0x00000054   Code   RO         2438    i.USB_DoPing        stm32f4xx_ll_usb.o
    0x080034a8   0x0000002c   Code   RO         2439    i.USB_DriveVbus     stm32f4xx_ll_usb.o
    0x080034d4   0x0000000c   Code   RO         2445    i.USB_EnableGlobalInt  stm32f4xx_ll_usb.o
    0x080034e0   0x00000020   Code   RO         2446    i.USB_FlushRxFifo   stm32f4xx_ll_usb.o
    0x08003500   0x00000024   Code   RO         2447    i.USB_FlushTxFifo   stm32f4xx_ll_usb.o
    0x08003524   0x00000008   Code   RO         2448    i.USB_GetCurrentFrame  stm32f4xx_ll_usb.o
    0x0800352c   0x0000000e   Code   RO         2450    i.USB_GetHostSpeed  stm32f4xx_ll_usb.o
    0x0800353a   0x00000008   Code   RO         2451    i.USB_GetMode       stm32f4xx_ll_usb.o
    0x08003542   0x00000178   Code   RO         2452    i.USB_HC_Halt       stm32f4xx_ll_usb.o
    0x080036ba   0x00000002   PAD
    0x080036bc   0x000000ea   Code   RO         2453    i.USB_HC_Init       stm32f4xx_ll_usb.o
    0x080037a6   0x0000000c   Code   RO         2454    i.USB_HC_ReadInterrupt  stm32f4xx_ll_usb.o
    0x080037b2   0x00000002   PAD
    0x080037b4   0x00000190   Code   RO         2455    i.USB_HC_StartXfer  stm32f4xx_ll_usb.o
    0x08003944   0x000000d4   Code   RO         2456    i.USB_HostInit      stm32f4xx_ll_usb.o
    0x08003a18   0x00000036   Code   RO         2457    i.USB_InitFSLSPClkSel  stm32f4xx_ll_usb.o
    0x08003a4e   0x00000008   Code   RO         2462    i.USB_ReadInterrupts  stm32f4xx_ll_usb.o
    0x08003a56   0x00000020   Code   RO         2463    i.USB_ReadPacket    stm32f4xx_ll_usb.o
    0x08003a76   0x0000002c   Code   RO         2464    i.USB_ResetPort     stm32f4xx_ll_usb.o
    0x08003aa2   0x0000002c   Code   RO         2465    i.USB_SetCurrentMode  stm32f4xx_ll_usb.o
    0x08003ace   0x000000b2   Code   RO         2469    i.USB_StopHost      stm32f4xx_ll_usb.o
    0x08003b80   0x00000028   Code   RO         2470    i.USB_WritePacket   stm32f4xx_ll_usb.o
    0x08003ba8   0x00000002   Code   RO          236    i.UsageFault_Handler  stm32f4xx_it.o
    0x08003baa   0x0000000e   Code   RO         4011    i.__scatterload_copy  mc_w.l(handlers.o)
    0x08003bb8   0x00000002   Code   RO         4012    i.__scatterload_null  mc_w.l(handlers.o)
    0x08003bba   0x0000000e   Code   RO         4013    i.__scatterload_zeroinit  mc_w.l(handlers.o)
    0x08003bc8   0x00000060   Code   RO         3001    i.check_fs          ff.o
    0x08003c28   0x0000006c   Code   RO         3002    i.chk_lock          ff.o
    0x08003c94   0x00000024   Code   RO         3003    i.clear_lock        ff.o
    0x08003cb8   0x0000002a   Code   RO         3004    i.clmt_clust        ff.o
    0x08003ce2   0x0000001e   Code   RO         3005    i.clust2sect        ff.o
    0x08003d00   0x000000ac   Code   RO         3006    i.create_chain      ff.o
    0x08003dac   0x00000100   Code   RO         3007    i.create_name       ff.o
    0x08003eac   0x0000003c   Code   RO         3008    i.dec_lock          ff.o
    0x08003ee8   0x00000120   Code   RO         3009    i.dir_next          ff.o
    0x08004008   0x00000076   Code   RO         3011    i.dir_register      ff.o
    0x0800407e   0x0000009e   Code   RO         3013    i.dir_sdi           ff.o
    0x0800411c   0x00000024   Code   RO         2946    i.disk_initialize   diskio.o
    0x08004140   0x0000001c   Code   RO         2947    i.disk_ioctl        diskio.o
    0x0800415c   0x00000020   Code   RO         2948    i.disk_read         diskio.o
    0x0800417c   0x00000010   Code   RO         2949    i.disk_status       diskio.o
    0x0800418c   0x00000020   Code   RO         2950    i.disk_write        diskio.o
    0x080041ac   0x0000002a   Code   RO         3015    i.f_close           ff.o
    0x080041d6   0x00000002   PAD
    0x080041d8   0x00000284   Code   RO         3019    i.f_lseek           ff.o
    0x0800445c   0x0000005c   Code   RO         3022    i.f_mount           ff.o
    0x080044b8   0x000001a0   Code   RO         3023    i.f_open            ff.o
    0x08004658   0x000001ea   Code   RO         3025    i.f_printf          ff.o
    0x08004842   0x000000b8   Code   RO         3032    i.f_sync            ff.o
    0x080048fa   0x000001d8   Code   RO         3036    i.f_write           ff.o
    0x08004ad2   0x00000002   PAD
    0x08004ad4   0x00000258   Code   RO         3037    i.find_volume       ff.o
    0x08004d2c   0x000000c0   Code   RO         3038    i.follow_path       ff.o
    0x08004dec   0x00000050   Code   RO         3963    i.free              mc_w.l(malloc.o)
    0x08004e3c   0x000000ba   Code   RO         3039    i.get_fat           ff.o
    0x08004ef6   0x00000004   Code   RO         2951    i.get_fattime       diskio.o
    0x08004efa   0x0000002e   Code   RO         3041    i.get_ldnumber      ff.o
    0x08004f28   0x000000a0   Code   RO         3042    i.inc_lock          ff.o
    0x08004fc8   0x00000014   Code   RO         3043    i.ld_clust          ff.o
    0x08004fdc   0x00000138   Code   RO           16    i.main              main.o
    0x08005114   0x0000006c   Code   RO         3964    i.malloc            mc_w.l(malloc.o)
    0x08005180   0x00000012   Code   RO         3044    i.mem_cpy           ff.o
    0x08005192   0x0000000e   Code   RO         3045    i.mem_set           ff.o
    0x080051a0   0x00000032   Code   RO         3046    i.move_window       ff.o
    0x080051d2   0x00000002   PAD
    0x080051d4   0x0000007c   Code   RO          237    i.open_n_log        stm32f4xx_it.o
    0x08005250   0x000000fe   Code   RO         3047    i.put_fat           ff.o
    0x0800534e   0x00000046   Code   RO         3048    i.putc_bfd          ff.o
    0x08005394   0x0000006e   Code   RO         3049    i.remove_chain      ff.o
    0x08005402   0x00000010   Code   RO         3050    i.st_clust          ff.o
    0x08005412   0x000000b6   Code   RO         3051    i.sync_fs           ff.o
    0x080054c8   0x0000005a   Code   RO         3052    i.sync_window       ff.o
    0x08005522   0x00000030   Code   RO         3053    i.validate          ff.o
    0x08005552   0x00000008   Data   RO          533    .constdata          stm32f429i_discovery.o
    0x0800555a   0x00000010   Data   RO         2066    .constdata          stm32f4xx_hal_rcc.o
    0x0800556a   0x000000ac   Data   RO         3055    .constdata          ff.o
    0x08005616   0x00000002   PAD
    0x08005618   0x00000004   Data   RO         3458    .conststring        usbh_msc.o
    0x0800561c   0x00000020   Data   RO         4009    Region$$Table       anon$$obj.o


    Execution Region RW_IRAM1 (Base: 0x20000000, Size: 0x00001698, Max: 0x00030000, ABSOLUTE)

    Base Addr    Size         Type   Attr      Idx    E Section Name        Object

    0x20000000   0x00000004   Data   RW           21    .data               main.o
    0x20000004   0x00000005   Data   RW           23    .data               main.o
    0x20000009   0x00000001   Data   RW           24    .data               main.o
    0x2000000a   0x00000002   PAD
    0x2000000c   0x00000018   Data   RW          534    .data               stm32f429i_discovery.o
    0x20000024   0x00000014   Data   RW          695    .data               system_stm32f4xx.o
    0x20000038   0x00000004   Data   RW          752    .data               stm32f4xx_hal.o
    0x2000003c   0x00000008   Data   RW         3056    .data               ff.o
    0x20000044   0x00000014   Data   RW         3365    .data               usbh_diskio.o
    0x20000058   0x00000020   Data   RW         3459    .data               usbh_msc.o
    0x20000078   0x00000004   Data   RW         4005    .data               mc_w.l(mvars.o)
    0x2000007c   0x00000004   Data   RW         4006    .data               mc_w.l(mvars.o)
    0x20000080   0x00000534   Zero   RW           18    .bss                main.o
    0x200005b4   0x0000022c   Zero   RW           19    .bss                main.o
    0x200007e0   0x00000290   Zero   RW          341    .bss                usbh_conf.o
    0x20000a70   0x00000018   Zero   RW         3054    .bss                ff.o
    0x20000a88   0x0000000c   Zero   RW         3324    .bss                ff_gen_drv.o
    0x20000a94   0x00000004   PAD
    0x20000a98   0x00000400   Zero   RW            2    HEAP                startup_stm32f429xx.o
    0x20000e98   0x00000800   Zero   RW            1    STACK               startup_stm32f429xx.o


==============================================================================

Image component sizes


      Code (inc. data)   RO Data    RW Data    ZI Data      Debug   Object Name

       148         24          0          0          0       4475   diskio.o
      5760         70        172          8         24      37903   ff.o
        56          4          0          0         12       1018   ff_gen_drv.o
       396         60          0         10       1888     370245   main.o
        36          8        428          0       3072        856   startup_stm32f429xx.o
        76         12          8         24          0       2965   stm32f429i_discovery.o
       136         16          0          4          0       4242   stm32f4xx_hal.o
       194         14          0          0          0      30647   stm32f4xx_hal_cortex.o
       470         52          0          0          0       3989   stm32f4xx_hal_gpio.o
      2256          4          0          0          0      13741   stm32f4xx_hal_hcd.o
       118         18          0          0          0       1469   stm32f4xx_hal_msp.o
      1532         68         16          0          0       6311   stm32f4xx_hal_rcc.o
      1258         10          0          0          0       8089   stm32f4xx_hal_uart.o
       208         54          0          0          0       5990   stm32f4xx_it.o
      2048         48          0          0          0      17671   stm32f4xx_ll_usb.o
        84         18          0         20          0       1169   system_stm32f4xx.o
       522         36          0          0        656      11805   usbh_conf.o
       994         20          0          0          0       9916   usbh_core.o
      1064         12          0          0          0      10212   usbh_ctlreq.o
       368         20          0         20          0       4864   usbh_diskio.o
       172          0          0          0          0       4488   usbh_ioreq.o
      1662         10          4         32          0      11021   usbh_msc.o
       586         28          0          0          0       4957   usbh_msc_bot.o
       784          0          0          0          0       6415   usbh_msc_scsi.o
       106          0          0          0          0       3470   usbh_pipes.o

    ----------------------------------------------------------------------
     21068        606        662        120       5656     577928   Object Totals
         0          0         32          0          0          0   (incl. Generated)
        34          0          2          2          4          0   (incl. Padding)

    ----------------------------------------------------------------------

      Code (inc. data)   RO Data    RW Data    ZI Data      Debug   Library Member Name

         0          0          0          0          0          0   entry.o
         0          0          0          0          0          0   entry10a.o
         0          0          0          0          0          0   entry11a.o
         8          4          0          0          0          0   entry2.o
         4          0          0          0          0          0   entry5.o
         0          0          0          0          0          0   entry7b.o
         0          0          0          0          0          0   entry8b.o
         8          4          0          0          0          0   entry9a.o
        30          0          0          0          0          0   handlers.o
        36          8          0          0          0         68   init.o
       188         20          0          0          0        160   malloc.o
        36          0          0          0          0         68   memcpya.o
        36          0          0          0          0        108   memseta.o
         0          0          0          8          0          0   mvars.o

    ----------------------------------------------------------------------
       346         36          0          8          0        404   Library Totals
         0          0          0          0          0          0   (incl. Padding)

    ----------------------------------------------------------------------

      Code (inc. data)   RO Data    RW Data    ZI Data      Debug   Library Name

       346         36          0          8          0        404   mc_w.l

    ----------------------------------------------------------------------
       346         36          0          8          0        404   Library Totals

    ----------------------------------------------------------------------

==============================================================================


      Code (inc. data)   RO Data    RW Data    ZI Data      Debug   

     21414        642        662        128       5656     558680   Grand Totals
     21414        642        662        128       5656     558680   ELF Image Totals
     21414        642        662        128          0          0   ROM Totals

==============================================================================

    Total RO  Size (Code + RO Data)                22076 (  21.56kB)
    Total RW  Size (RW Data + ZI Data)              5784 (   5.65kB)
    Total ROM Size (Code + RO Data + RW Data)      22204 (  21.68kB)

==============================================================================

